<?xml version="1.0"?>
<link_info>
   <banner>MSP430 Linker Unix v4.3.3</banner>
   <copyright>Copyright (c) 2003-2014 Texas Instruments Incorporated</copyright>
   <link_time>0x54f5e933</link_time>
   <link_errors>0x0</link_errors>
   <output_file>wisp_led.out</output_file>
   <entry_point>
      <name>_c_int00</name>
      <address>0x446e</address>
   </entry_point>
   <input_file_list>
      <input_file id="fl-2">
         <path>./</path>
         <kind>object</kind>
         <file>main.obj</file>
         <name>main.obj</name>
      </input_file>
      <input_file id="fl-36">
         <path>/home/dutiir/ti/ccsv6/tools/compiler/msp430_4.3.3/lib/</path>
         <kind>archive</kind>
         <file>rts430x_lc_rd_eabi.lib</file>
         <name>copy_decompress_none.obj</name>
      </input_file>
      <input_file id="fl-37">
         <path>/home/dutiir/ti/ccsv6/tools/compiler/msp430_4.3.3/lib/</path>
         <kind>archive</kind>
         <file>rts430x_lc_rd_eabi.lib</file>
         <name>copy_decompress_rle.obj</name>
      </input_file>
      <input_file id="fl-38">
         <path>/home/dutiir/ti/ccsv6/tools/compiler/msp430_4.3.3/lib/</path>
         <kind>archive</kind>
         <file>rts430x_lc_rd_eabi.lib</file>
         <name>copy_zero_init.obj</name>
      </input_file>
      <input_file id="fl-39">
         <path>/home/dutiir/ti/ccsv6/tools/compiler/msp430_4.3.3/lib/</path>
         <kind>archive</kind>
         <file>rts430x_lc_rd_eabi.lib</file>
         <name>boot.obj</name>
      </input_file>
      <input_file id="fl-3a">
         <path>/home/dutiir/ti/ccsv6/tools/compiler/msp430_4.3.3/lib/</path>
         <kind>archive</kind>
         <file>rts430x_lc_rd_eabi.lib</file>
         <name>mpu_init.obj</name>
      </input_file>
      <input_file id="fl-3b">
         <path>/home/dutiir/ti/ccsv6/tools/compiler/msp430_4.3.3/lib/</path>
         <kind>archive</kind>
         <file>rts430x_lc_rd_eabi.lib</file>
         <name>args_main.obj</name>
      </input_file>
      <input_file id="fl-3c">
         <path>/home/dutiir/ti/ccsv6/tools/compiler/msp430_4.3.3/lib/</path>
         <kind>archive</kind>
         <file>rts430x_lc_rd_eabi.lib</file>
         <name>autoinit.obj</name>
      </input_file>
      <input_file id="fl-3d">
         <path>/home/dutiir/ti/ccsv6/tools/compiler/msp430_4.3.3/lib/</path>
         <kind>archive</kind>
         <file>rts430x_lc_rd_eabi.lib</file>
         <name>pre_init.obj</name>
      </input_file>
      <input_file id="fl-3e">
         <path>/home/dutiir/ti/ccsv6/tools/compiler/msp430_4.3.3/lib/</path>
         <kind>archive</kind>
         <file>rts430x_lc_rd_eabi.lib</file>
         <name>exit.obj</name>
      </input_file>
      <input_file id="fl-3f">
         <path>/home/dutiir/ti/ccsv6/tools/compiler/msp430_4.3.3/lib/</path>
         <kind>archive</kind>
         <file>rts430x_lc_rd_eabi.lib</file>
         <name>_lock.obj</name>
      </input_file>
      <input_file id="fl-40">
         <path>/home/dutiir/ti/ccsv6/tools/compiler/msp430_4.3.3/lib/</path>
         <kind>archive</kind>
         <file>rts430x_lc_rd_eabi.lib</file>
         <name>memcpy.obj</name>
      </input_file>
   </input_file_list>
   <object_component_list>
      <object_component id="oc-39">
         <name>.text:_auto_init_hold_wdt</name>
         <load_address>0x4400</load_address>
         <run_address>0x4400</run_address>
         <size>0x6e</size>
         <input_file_ref idref="fl-3c"/>
      </object_component>
      <object_component id="oc-17">
         <name>.text:_isr:_c_int00_noexit</name>
         <load_address>0x446e</load_address>
         <run_address>0x446e</run_address>
         <size>0x1a</size>
         <input_file_ref idref="fl-39"/>
      </object_component>
      <object_component id="oc-3f">
         <name>.text:main</name>
         <load_address>0x4488</load_address>
         <run_address>0x4488</run_address>
         <size>0x10</size>
         <input_file_ref idref="fl-2"/>
      </object_component>
      <object_component id="oc-33">
         <name>.text:_system_pre_init</name>
         <load_address>0x4498</load_address>
         <run_address>0x4498</run_address>
         <size>0x4</size>
         <input_file_ref idref="fl-3d"/>
      </object_component>
      <object_component id="oc-45">
         <name>.text:abort</name>
         <load_address>0x449c</load_address>
         <run_address>0x449c</run_address>
         <size>0x4</size>
         <input_file_ref idref="fl-3e"/>
      </object_component>
      <object_component id="oc-2f">
         <name>.stack</name>
         <uninitialized>true</uninitialized>
         <run_address>0x2360</run_address>
         <size>0x4</size>
         <input_file_ref idref="fl-39"/>
      </object_component>
      <object_component id="oc-bd">
         <name>.stack</name>
         <uninitialized>true</uninitialized>
         <run_address>0x2360</run_address>
         <size>0x0</size>
      </object_component>
      <object_component id="oc-32">
         <name>.reset</name>
         <load_address>0xfefe</load_address>
         <run_address>0xfefe</run_address>
         <size>0x2</size>
         <input_file_ref idref="fl-39"/>
      </object_component>
      <object_component id="oc-18">
         <name>.debug_info</name>
         <load_address>0x0</load_address>
         <run_address>0x0</run_address>
         <size>0x125</size>
         <input_file_ref idref="fl-39"/>
      </object_component>
      <object_component id="oc-30">
         <name>.debug_info</name>
         <load_address>0x125</load_address>
         <run_address>0x125</run_address>
         <size>0xaa</size>
         <input_file_ref idref="fl-39"/>
      </object_component>
      <object_component id="oc-34">
         <name>.debug_info</name>
         <load_address>0x1cf</load_address>
         <run_address>0x1cf</run_address>
         <size>0xfd</size>
         <input_file_ref idref="fl-3d"/>
      </object_component>
      <object_component id="oc-3a">
         <name>.debug_info</name>
         <load_address>0x2cc</load_address>
         <run_address>0x2cc</run_address>
         <size>0x1a0</size>
         <input_file_ref idref="fl-3c"/>
      </object_component>
      <object_component id="oc-40">
         <name>.debug_info</name>
         <load_address>0x46c</load_address>
         <run_address>0x46c</run_address>
         <size>0xda</size>
         <input_file_ref idref="fl-2"/>
      </object_component>
      <object_component id="oc-46">
         <name>.debug_info</name>
         <load_address>0x546</load_address>
         <run_address>0x546</run_address>
         <size>0xcc</size>
         <input_file_ref idref="fl-3e"/>
      </object_component>
      <object_component id="oc-6f">
         <name>.debug_info</name>
         <load_address>0x612</load_address>
         <run_address>0x612</run_address>
         <size>0x84</size>
         <input_file_ref idref="fl-2"/>
      </object_component>
      <object_component id="oc-76">
         <name>.debug_info</name>
         <load_address>0x696</load_address>
         <run_address>0x696</run_address>
         <size>0x2d8</size>
         <input_file_ref idref="fl-3c"/>
      </object_component>
      <object_component id="oc-8e">
         <name>.debug_info</name>
         <load_address>0x96e</load_address>
         <run_address>0x96e</run_address>
         <size>0x39</size>
         <input_file_ref idref="fl-3c"/>
      </object_component>
      <object_component id="oc-be">
         <name>.debug_info</name>
         <load_address>0x9a7</load_address>
         <run_address>0x9a7</run_address>
         <size>0x95</size>
      </object_component>
      <object_component id="oc-19">
         <name>.debug_aranges</name>
         <load_address>0x0</load_address>
         <run_address>0x0</run_address>
         <size>0x20</size>
         <input_file_ref idref="fl-39"/>
      </object_component>
      <object_component id="oc-35">
         <name>.debug_aranges</name>
         <load_address>0x20</load_address>
         <run_address>0x20</run_address>
         <size>0x20</size>
         <input_file_ref idref="fl-3d"/>
      </object_component>
      <object_component id="oc-3b">
         <name>.debug_aranges</name>
         <load_address>0x40</load_address>
         <run_address>0x40</run_address>
         <size>0x20</size>
         <input_file_ref idref="fl-3c"/>
      </object_component>
      <object_component id="oc-41">
         <name>.debug_aranges</name>
         <load_address>0x60</load_address>
         <run_address>0x60</run_address>
         <size>0x20</size>
         <input_file_ref idref="fl-2"/>
      </object_component>
      <object_component id="oc-47">
         <name>.debug_aranges</name>
         <load_address>0x80</load_address>
         <run_address>0x80</run_address>
         <size>0x20</size>
         <input_file_ref idref="fl-3e"/>
      </object_component>
      <object_component id="oc-1a">
         <name>.debug_pubnames</name>
         <load_address>0x0</load_address>
         <run_address>0x0</run_address>
         <size>0x26</size>
         <input_file_ref idref="fl-39"/>
      </object_component>
      <object_component id="oc-31">
         <name>.debug_pubnames</name>
         <load_address>0x26</load_address>
         <run_address>0x26</run_address>
         <size>0x1d</size>
         <input_file_ref idref="fl-39"/>
      </object_component>
      <object_component id="oc-36">
         <name>.debug_pubnames</name>
         <load_address>0x43</load_address>
         <run_address>0x43</run_address>
         <size>0x27</size>
         <input_file_ref idref="fl-3d"/>
      </object_component>
      <object_component id="oc-3c">
         <name>.debug_pubnames</name>
         <load_address>0x6a</load_address>
         <run_address>0x6a</run_address>
         <size>0x2a</size>
         <input_file_ref idref="fl-3c"/>
      </object_component>
      <object_component id="oc-42">
         <name>.debug_pubnames</name>
         <load_address>0x94</load_address>
         <run_address>0x94</run_address>
         <size>0x1b</size>
         <input_file_ref idref="fl-2"/>
      </object_component>
      <object_component id="oc-48">
         <name>.debug_pubnames</name>
         <load_address>0xaf</load_address>
         <run_address>0xaf</run_address>
         <size>0x1c</size>
         <input_file_ref idref="fl-3e"/>
      </object_component>
      <object_component id="oc-1b">
         <name>.debug_line</name>
         <load_address>0x0</load_address>
         <run_address>0x0</run_address>
         <size>0x44</size>
         <input_file_ref idref="fl-39"/>
      </object_component>
      <object_component id="oc-37">
         <name>.debug_line</name>
         <load_address>0x44</load_address>
         <run_address>0x44</run_address>
         <size>0x3e</size>
         <input_file_ref idref="fl-3d"/>
      </object_component>
      <object_component id="oc-3d">
         <name>.debug_line</name>
         <load_address>0x82</load_address>
         <run_address>0x82</run_address>
         <size>0x65</size>
         <input_file_ref idref="fl-3c"/>
      </object_component>
      <object_component id="oc-43">
         <name>.debug_line</name>
         <load_address>0xe7</load_address>
         <run_address>0xe7</run_address>
         <size>0x41</size>
         <input_file_ref idref="fl-2"/>
      </object_component>
      <object_component id="oc-49">
         <name>.debug_line</name>
         <load_address>0x128</load_address>
         <run_address>0x128</run_address>
         <size>0x3a</size>
         <input_file_ref idref="fl-3e"/>
      </object_component>
      <object_component id="oc-6e">
         <name>.debug_line</name>
         <load_address>0x162</load_address>
         <run_address>0x162</run_address>
         <size>0x2a</size>
         <input_file_ref idref="fl-39"/>
      </object_component>
      <object_component id="oc-72">
         <name>.debug_line</name>
         <load_address>0x18c</load_address>
         <run_address>0x18c</run_address>
         <size>0x20</size>
         <input_file_ref idref="fl-2"/>
      </object_component>
      <object_component id="oc-8d">
         <name>.debug_line</name>
         <load_address>0x1ac</load_address>
         <run_address>0x1ac</run_address>
         <size>0x2e</size>
         <input_file_ref idref="fl-3c"/>
      </object_component>
      <object_component id="oc-91">
         <name>.debug_line</name>
         <load_address>0x1da</load_address>
         <run_address>0x1da</run_address>
         <size>0x2e</size>
         <input_file_ref idref="fl-3c"/>
      </object_component>
      <object_component id="oc-1c">
         <name>.debug_frame</name>
         <load_address>0x0</load_address>
         <run_address>0x0</run_address>
         <size>0x42</size>
         <input_file_ref idref="fl-39"/>
      </object_component>
      <object_component id="oc-38">
         <name>.debug_frame</name>
         <load_address>0x42</load_address>
         <run_address>0x42</run_address>
         <size>0x47</size>
         <input_file_ref idref="fl-3d"/>
      </object_component>
      <object_component id="oc-3e">
         <name>.debug_frame</name>
         <load_address>0x89</load_address>
         <run_address>0x89</run_address>
         <size>0x56</size>
         <input_file_ref idref="fl-3c"/>
      </object_component>
      <object_component id="oc-44">
         <name>.debug_frame</name>
         <load_address>0xdf</load_address>
         <run_address>0xdf</run_address>
         <size>0x47</size>
         <input_file_ref idref="fl-2"/>
      </object_component>
      <object_component id="oc-4a">
         <name>.debug_frame</name>
         <load_address>0x126</load_address>
         <run_address>0x126</run_address>
         <size>0x47</size>
         <input_file_ref idref="fl-3e"/>
      </object_component>
      <object_component id="oc-4b">
         <name>.debug_abbrev</name>
         <load_address>0x0</load_address>
         <run_address>0x0</run_address>
         <size>0x58</size>
         <input_file_ref idref="fl-39"/>
      </object_component>
      <object_component id="oc-6d">
         <name>.debug_abbrev</name>
         <load_address>0x58</load_address>
         <run_address>0x58</run_address>
         <size>0x29</size>
         <input_file_ref idref="fl-39"/>
      </object_component>
      <object_component id="oc-71">
         <name>.debug_abbrev</name>
         <load_address>0x81</load_address>
         <run_address>0x81</run_address>
         <size>0x1f</size>
         <input_file_ref idref="fl-2"/>
      </object_component>
      <object_component id="oc-74">
         <name>.debug_abbrev</name>
         <load_address>0xa0</load_address>
         <run_address>0xa0</run_address>
         <size>0x55</size>
         <input_file_ref idref="fl-3d"/>
      </object_component>
      <object_component id="oc-75">
         <name>.debug_abbrev</name>
         <load_address>0xf5</load_address>
         <run_address>0xf5</run_address>
         <size>0x70</size>
         <input_file_ref idref="fl-3c"/>
      </object_component>
      <object_component id="oc-77">
         <name>.debug_abbrev</name>
         <load_address>0x165</load_address>
         <run_address>0x165</run_address>
         <size>0x44</size>
         <input_file_ref idref="fl-2"/>
      </object_component>
      <object_component id="oc-78">
         <name>.debug_abbrev</name>
         <load_address>0x1a9</load_address>
         <run_address>0x1a9</run_address>
         <size>0x45</size>
         <input_file_ref idref="fl-3e"/>
      </object_component>
      <object_component id="oc-8c">
         <name>.debug_abbrev</name>
         <load_address>0x1ee</load_address>
         <run_address>0x1ee</run_address>
         <size>0x8d</size>
         <input_file_ref idref="fl-3c"/>
      </object_component>
      <object_component id="oc-90">
         <name>.debug_abbrev</name>
         <load_address>0x27b</load_address>
         <run_address>0x27b</run_address>
         <size>0x24</size>
         <input_file_ref idref="fl-3c"/>
      </object_component>
      <object_component id="oc-bf">
         <name>.debug_abbrev</name>
         <load_address>0x29f</load_address>
         <run_address>0x29f</run_address>
         <size>0xf</size>
      </object_component>
      <object_component id="oc-70">
         <name>.debug_pubtypes</name>
         <load_address>0x0</load_address>
         <run_address>0x0</run_address>
         <size>0xed</size>
         <input_file_ref idref="fl-2"/>
      </object_component>
      <object_component id="oc-8f">
         <name>.debug_pubtypes</name>
         <load_address>0xed</load_address>
         <run_address>0xed</run_address>
         <size>0x2f</size>
         <input_file_ref idref="fl-3c"/>
      </object_component>
      <object_component id="oc-73">
         <name>.debug_str</name>
         <load_address>0x0</load_address>
         <run_address>0x0</run_address>
         <size>0xf7</size>
         <input_file_ref idref="fl-2"/>
      </object_component>
      <object_component id="oc-92">
         <name>.debug_str</name>
         <load_address>0xf7</load_address>
         <run_address>0xf7</run_address>
         <size>0x94</size>
         <input_file_ref idref="fl-3c"/>
      </object_component>
   </object_component_list>
   <logical_group_list>
      <logical_group id="lg-4" display="no" color="cyan">
         <name>.cio</name>
         <run_address>0x4400</run_address>
         <size>0x0</size>
         <contents>
         </contents>
      </logical_group>
      <logical_group id="lg-5" display="no" color="cyan">
         <name>.sysmem</name>
         <run_address>0x4400</run_address>
         <size>0x0</size>
         <contents>
         </contents>
      </logical_group>
      <logical_group id="lg-3" display="no" color="cyan">
         <name>READ_WRITE_MEMORY</name>
         <run_address>0x4400</run_address>
         <size>0x0</size>
         <contents>
            <logical_group_ref idref="lg-4"/>
            <logical_group_ref idref="lg-5"/>
         </contents>
      </logical_group>
      <logical_group id="lg-7" display="no" color="cyan">
         <name>.cinit</name>
         <run_address>0x4400</run_address>
         <size>0x0</size>
         <contents>
         </contents>
      </logical_group>
      <logical_group id="lg-8" display="no" color="cyan">
         <name>.pinit</name>
         <run_address>0x4400</run_address>
         <size>0x0</size>
         <contents>
         </contents>
      </logical_group>
      <logical_group id="lg-9" display="no" color="cyan">
         <name>.init_array</name>
         <run_address>0x4400</run_address>
         <size>0x0</size>
         <contents>
         </contents>
      </logical_group>
      <logical_group id="lg-a" display="no" color="cyan">
         <name>.mspabi.exidx</name>
         <run_address>0x4400</run_address>
         <size>0x0</size>
         <contents>
         </contents>
      </logical_group>
      <logical_group id="lg-b" display="no" color="cyan">
         <name>.mspabi.extab</name>
         <run_address>0x4400</run_address>
         <size>0x0</size>
         <contents>
         </contents>
      </logical_group>
      <logical_group id="lg-c" display="no" color="cyan">
         <name>.const</name>
         <run_address>0x4400</run_address>
         <size>0x0</size>
         <contents>
         </contents>
      </logical_group>
      <logical_group id="lg-6" display="no" color="cyan">
         <name>READ_ONLY_MEMORY</name>
         <run_address>0x4400</run_address>
         <size>0x0</size>
         <contents>
            <logical_group_ref idref="lg-7"/>
            <logical_group_ref idref="lg-8"/>
            <logical_group_ref idref="lg-9"/>
            <logical_group_ref idref="lg-a"/>
            <logical_group_ref idref="lg-b"/>
            <logical_group_ref idref="lg-c"/>
         </contents>
      </logical_group>
      <logical_group id="lg-e" display="no" color="cyan">
         <name>.text</name>
         <load_address>0x4400</load_address>
         <run_address>0x4400</run_address>
         <size>0xa0</size>
         <contents>
            <object_component_ref idref="oc-39"/>
            <object_component_ref idref="oc-17"/>
            <object_component_ref idref="oc-3f"/>
            <object_component_ref idref="oc-33"/>
            <object_component_ref idref="oc-45"/>
         </contents>
      </logical_group>
      <logical_group id="lg-d" display="no" color="cyan">
         <name>EXECUTABLE_MEMORY</name>
         <load_address>0x4400</load_address>
         <run_address>0x4400</run_address>
         <size>0xa0</size>
         <contents>
            <logical_group_ref idref="lg-e"/>
         </contents>
      </logical_group>
      <logical_group id="lg-2" display="no" color="cyan">
         <name>ALL_APP</name>
         <load_address>0x4400</load_address>
         <run_address>0x4400</run_address>
         <size>0xa0</size>
         <contents>
            <logical_group_ref idref="lg-3"/>
            <logical_group_ref idref="lg-6"/>
            <logical_group_ref idref="lg-d"/>
         </contents>
      </logical_group>
      <logical_group id="lg-11" display="no" color="cyan">
         <name>.stack</name>
         <run_address>0x2360</run_address>
         <size>0xa0</size>
         <contents>
            <object_component_ref idref="oc-2f"/>
            <object_component_ref idref="oc-bd"/>
         </contents>
      </logical_group>
      <logical_group id="lg-12" display="no" color="cyan">
         <name>.infoA</name>
         <run_address>0x0</run_address>
         <size>0x0</size>
         <contents>
         </contents>
      </logical_group>
      <logical_group id="lg-13" display="no" color="cyan">
         <name>.infoB</name>
         <run_address>0x0</run_address>
         <size>0x0</size>
         <contents>
         </contents>
      </logical_group>
      <logical_group id="lg-14" display="no" color="cyan">
         <name>.infoC</name>
         <run_address>0x0</run_address>
         <size>0x0</size>
         <contents>
         </contents>
      </logical_group>
      <logical_group id="lg-15" display="no" color="cyan">
         <name>.infoD</name>
         <run_address>0x0</run_address>
         <size>0x0</size>
         <contents>
         </contents>
      </logical_group>
      <logical_group id="lg-16" display="no" color="cyan">
         <name>.reset</name>
         <load_address>0xfefe</load_address>
         <run_address>0xfefe</run_address>
         <size>0x2</size>
         <contents>
            <object_component_ref idref="oc-32"/>
         </contents>
      </logical_group>
      <logical_group id="lg-96" display="no" color="cyan">
         <name>.TI.noinit</name>
         <run_address>0x0</run_address>
         <size>0x0</size>
         <contents>
         </contents>
      </logical_group>
      <logical_group id="lg-f" display="no" color="cyan">
         <name>.bss</name>
         <run_address>0x0</run_address>
         <size>0x0</size>
         <contents>
         </contents>
      </logical_group>
      <logical_group id="lg-95" display="no" color="cyan">
         <name>BSS_GROUP</name>
         <run_address>0x0</run_address>
         <size>0x0</size>
         <contents>
            <logical_group_ref idref="lg-96"/>
            <logical_group_ref idref="lg-f"/>
         </contents>
      </logical_group>
      <logical_group id="lg-98" display="no" color="cyan">
         <name>.TI.persistent</name>
         <run_address>0x0</run_address>
         <size>0x0</size>
         <contents>
         </contents>
      </logical_group>
      <logical_group id="lg-10" display="no" color="cyan">
         <name>.data</name>
         <run_address>0x0</run_address>
         <size>0x0</size>
         <contents>
         </contents>
      </logical_group>
      <logical_group id="lg-97" display="no" color="cyan">
         <name>DATA_GROUP</name>
         <run_address>0x0</run_address>
         <size>0x0</size>
         <contents>
            <logical_group_ref idref="lg-98"/>
            <logical_group_ref idref="lg-10"/>
         </contents>
      </logical_group>
      <logical_group id="lg-ac" display="never" color="cyan">
         <name>.debug_info</name>
         <load_address>0x0</load_address>
         <run_address>0x0</run_address>
         <size>0xa3c</size>
         <contents>
            <object_component_ref idref="oc-18"/>
            <object_component_ref idref="oc-30"/>
            <object_component_ref idref="oc-34"/>
            <object_component_ref idref="oc-3a"/>
            <object_component_ref idref="oc-40"/>
            <object_component_ref idref="oc-46"/>
            <object_component_ref idref="oc-6f"/>
            <object_component_ref idref="oc-76"/>
            <object_component_ref idref="oc-8e"/>
            <object_component_ref idref="oc-be"/>
         </contents>
      </logical_group>
      <logical_group id="lg-ae" display="never" color="cyan">
         <name>.debug_aranges</name>
         <load_address>0x0</load_address>
         <run_address>0x0</run_address>
         <size>0xa0</size>
         <contents>
            <object_component_ref idref="oc-19"/>
            <object_component_ref idref="oc-35"/>
            <object_component_ref idref="oc-3b"/>
            <object_component_ref idref="oc-41"/>
            <object_component_ref idref="oc-47"/>
         </contents>
      </logical_group>
      <logical_group id="lg-b0" display="never" color="cyan">
         <name>.debug_pubnames</name>
         <load_address>0x0</load_address>
         <run_address>0x0</run_address>
         <size>0xcb</size>
         <contents>
            <object_component_ref idref="oc-1a"/>
            <object_component_ref idref="oc-31"/>
            <object_component_ref idref="oc-36"/>
            <object_component_ref idref="oc-3c"/>
            <object_component_ref idref="oc-42"/>
            <object_component_ref idref="oc-48"/>
         </contents>
      </logical_group>
      <logical_group id="lg-b2" display="never" color="cyan">
         <name>.debug_line</name>
         <load_address>0x0</load_address>
         <run_address>0x0</run_address>
         <size>0x208</size>
         <contents>
            <object_component_ref idref="oc-1b"/>
            <object_component_ref idref="oc-37"/>
            <object_component_ref idref="oc-3d"/>
            <object_component_ref idref="oc-43"/>
            <object_component_ref idref="oc-49"/>
            <object_component_ref idref="oc-6e"/>
            <object_component_ref idref="oc-72"/>
            <object_component_ref idref="oc-8d"/>
            <object_component_ref idref="oc-91"/>
         </contents>
      </logical_group>
      <logical_group id="lg-b4" display="never" color="cyan">
         <name>.debug_frame</name>
         <load_address>0x0</load_address>
         <run_address>0x0</run_address>
         <size>0x16d</size>
         <contents>
            <object_component_ref idref="oc-1c"/>
            <object_component_ref idref="oc-38"/>
            <object_component_ref idref="oc-3e"/>
            <object_component_ref idref="oc-44"/>
            <object_component_ref idref="oc-4a"/>
         </contents>
      </logical_group>
      <logical_group id="lg-b6" display="never" color="cyan">
         <name>.debug_abbrev</name>
         <load_address>0x0</load_address>
         <run_address>0x0</run_address>
         <size>0x2ae</size>
         <contents>
            <object_component_ref idref="oc-4b"/>
            <object_component_ref idref="oc-6d"/>
            <object_component_ref idref="oc-71"/>
            <object_component_ref idref="oc-74"/>
            <object_component_ref idref="oc-75"/>
            <object_component_ref idref="oc-77"/>
            <object_component_ref idref="oc-78"/>
            <object_component_ref idref="oc-8c"/>
            <object_component_ref idref="oc-90"/>
            <object_component_ref idref="oc-bf"/>
         </contents>
      </logical_group>
      <logical_group id="lg-b8" display="never" color="cyan">
         <name>.debug_pubtypes</name>
         <load_address>0x0</load_address>
         <run_address>0x0</run_address>
         <size>0x11c</size>
         <contents>
            <object_component_ref idref="oc-70"/>
            <object_component_ref idref="oc-8f"/>
         </contents>
      </logical_group>
      <logical_group id="lg-ba" display="never" color="cyan">
         <name>.debug_str</name>
         <load_address>0x0</load_address>
         <run_address>0x0</run_address>
         <size>0x18b</size>
         <contents>
            <object_component_ref idref="oc-73"/>
            <object_component_ref idref="oc-92"/>
         </contents>
      </logical_group>
      <load_segment id="lg-c0" display="no" color="cyan">
         <name>SEGMENT_0</name>
         <run_address>0x2360</run_address>
         <size>0xa0</size>
         <flags>0x6</flags>
         <contents>
            <logical_group_ref idref="lg-11"/>
         </contents>
      </load_segment>
      <load_segment id="lg-c1" display="no" color="cyan">
         <name>SEGMENT_1</name>
         <load_address>0x4400</load_address>
         <run_address>0x4400</run_address>
         <size>0xa0</size>
         <flags>0x5</flags>
         <contents>
            <logical_group_ref idref="lg-e"/>
         </contents>
      </load_segment>
      <load_segment id="lg-c2" display="no" color="cyan">
         <name>SEGMENT_2</name>
         <load_address>0xfefe</load_address>
         <run_address>0xfefe</run_address>
         <size>0x2</size>
         <flags>0x4</flags>
         <contents>
            <logical_group_ref idref="lg-16"/>
         </contents>
      </load_segment>
   </logical_group_list>
   <placement_map>
      <memory_area display="no" color="green">
         <name>SFR</name>
         <page_id>0x0</page_id>
         <origin>0x0</origin>
         <length>0x10</length>
         <used_space>0x0</used_space>
         <unused_space>0x10</unused_space>
         <attributes>RWIX</attributes>
         <usage_details>
         </usage_details>
      </memory_area>
      <memory_area display="yes" color="green">
         <name>PERIPHERALS_8BIT</name>
         <page_id>0x0</page_id>
         <origin>0x10</origin>
         <length>0xf0</length>
         <used_space>0x0</used_space>
         <unused_space>0xf0</unused_space>
         <attributes>RWIX</attributes>
         <usage_details>
         </usage_details>
      </memory_area>
      <memory_area display="yes" color="green">
         <name>PERIPHERALS_16BIT</name>
         <page_id>0x0</page_id>
         <origin>0x100</origin>
         <length>0x100</length>
         <used_space>0x0</used_space>
         <unused_space>0x100</unused_space>
         <attributes>RWIX</attributes>
         <usage_details>
         </usage_details>
      </memory_area>
      <memory_area display="yes" color="green">
         <name>INFOD</name>
         <page_id>0x0</page_id>
         <origin>0x1800</origin>
         <length>0x80</length>
         <used_space>0x0</used_space>
         <unused_space>0x80</unused_space>
         <attributes>RWIX</attributes>
         <usage_details>
         </usage_details>
      </memory_area>
      <memory_area display="yes" color="green">
         <name>INFOC</name>
         <page_id>0x0</page_id>
         <origin>0x1880</origin>
         <length>0x80</length>
         <used_space>0x0</used_space>
         <unused_space>0x80</unused_space>
         <attributes>RWIX</attributes>
         <usage_details>
         </usage_details>
      </memory_area>
      <memory_area display="yes" color="green">
         <name>INFOB</name>
         <page_id>0x0</page_id>
         <origin>0x1900</origin>
         <length>0x80</length>
         <used_space>0x0</used_space>
         <unused_space>0x80</unused_space>
         <attributes>RWIX</attributes>
         <usage_details>
         </usage_details>
      </memory_area>
      <memory_area display="yes" color="green">
         <name>INFOA</name>
         <page_id>0x0</page_id>
         <origin>0x1980</origin>
         <length>0x80</length>
         <used_space>0x0</used_space>
         <unused_space>0x80</unused_space>
         <attributes>RWIX</attributes>
         <usage_details>
         </usage_details>
      </memory_area>
      <memory_area display="yes" color="green">
         <name>RAM</name>
         <page_id>0x0</page_id>
         <origin>0x1c03</origin>
         <length>0x7fd</length>
         <used_space>0xa0</used_space>
         <unused_space>0x75d</unused_space>
         <attributes>RWIX</attributes>
         <usage_details>
            <available_space>
               <start_address>0x1c03</start_address>
               <size>0x75d</size>
            </available_space>
            <allocated_space>
               <start_address>0x2360</start_address>
               <size>0xa0</size>
               <logical_group_ref idref="lg-11"/>
            </allocated_space>
         </usage_details>
      </memory_area>
      <memory_area display="yes" color="green">
         <name>FRAM</name>
         <page_id>0x0</page_id>
         <origin>0x4400</origin>
         <length>0x3600</length>
         <used_space>0xa0</used_space>
         <unused_space>0x3560</unused_space>
         <attributes>RWIX</attributes>
         <usage_details>
            <allocated_space>
               <start_address>0x4400</start_address>
               <size>0xa0</size>
               <logical_group_ref idref="lg-2"/>
            </allocated_space>
            <available_space>
               <start_address>0x44a0</start_address>
               <size>0x3560</size>
            </available_space>
         </usage_details>
      </memory_area>
      <memory_area display="yes" color="green">
         <name>FRAM_APP</name>
         <page_id>0x0</page_id>
         <origin>0x7a00</origin>
         <length>0x8480</length>
         <used_space>0x0</used_space>
         <unused_space>0x8480</unused_space>
         <attributes>RWIX</attributes>
         <usage_details>
         </usage_details>
      </memory_area>
      <memory_area display="no" color="green">
         <name>SIGNATURE</name>
         <page_id>0x0</page_id>
         <origin>0xfe80</origin>
         <length>0x10</length>
         <used_space>0x0</used_space>
         <unused_space>0x10</unused_space>
         <attributes>RWIX</attributes>
         <usage_details>
         </usage_details>
      </memory_area>
      <memory_area display="no" color="green">
         <name>RESET</name>
         <page_id>0x0</page_id>
         <origin>0xfefe</origin>
         <length>0x2</length>
         <used_space>0x2</used_space>
         <unused_space>0x0</unused_space>
         <attributes>RWIX</attributes>
         <usage_details>
            <allocated_space>
               <start_address>0xfefe</start_address>
               <size>0x2</size>
               <logical_group_ref idref="lg-16"/>
            </allocated_space>
         </usage_details>
      </memory_area>
      <memory_area display="yes" color="green">
         <name>FRAM2</name>
         <page_id>0x0</page_id>
         <origin>0x10000</origin>
         <length>0x4000</length>
         <used_space>0x0</used_space>
         <unused_space>0x4000</unused_space>
         <attributes>RWIX</attributes>
         <usage_details>
         </usage_details>
      </memory_area>
   </placement_map>
   <symbol_table>
      <symbol id="sm-1">
         <name>__BOOT_PASSWD</name>
         <value>0x1c00</value>
      </symbol>
      <symbol id="sm-2">
         <name>__STAT_CTRL</name>
         <value>0x1c02</value>
      </symbol>
      <symbol id="sm-3">
         <name>ADC12CTL0</name>
         <value>0x800</value>
      </symbol>
      <symbol id="sm-4">
         <name>ADC12CTL0_L</name>
         <value>0x800</value>
      </symbol>
      <symbol id="sm-5">
         <name>ADC12CTL0_H</name>
         <value>0x801</value>
      </symbol>
      <symbol id="sm-6">
         <name>ADC12CTL1</name>
         <value>0x802</value>
      </symbol>
      <symbol id="sm-7">
         <name>ADC12CTL1_L</name>
         <value>0x802</value>
      </symbol>
      <symbol id="sm-8">
         <name>ADC12CTL1_H</name>
         <value>0x803</value>
      </symbol>
      <symbol id="sm-9">
         <name>ADC12CTL2</name>
         <value>0x804</value>
      </symbol>
      <symbol id="sm-a">
         <name>ADC12CTL2_L</name>
         <value>0x804</value>
      </symbol>
      <symbol id="sm-b">
         <name>ADC12CTL2_H</name>
         <value>0x805</value>
      </symbol>
      <symbol id="sm-c">
         <name>ADC12CTL3</name>
         <value>0x806</value>
      </symbol>
      <symbol id="sm-d">
         <name>ADC12CTL3_L</name>
         <value>0x806</value>
      </symbol>
      <symbol id="sm-e">
         <name>ADC12CTL3_H</name>
         <value>0x807</value>
      </symbol>
      <symbol id="sm-f">
         <name>ADC12LO</name>
         <value>0x808</value>
      </symbol>
      <symbol id="sm-10">
         <name>ADC12LO_L</name>
         <value>0x808</value>
      </symbol>
      <symbol id="sm-11">
         <name>ADC12LO_H</name>
         <value>0x809</value>
      </symbol>
      <symbol id="sm-12">
         <name>ADC12HI</name>
         <value>0x80a</value>
      </symbol>
      <symbol id="sm-13">
         <name>ADC12HI_L</name>
         <value>0x80a</value>
      </symbol>
      <symbol id="sm-14">
         <name>ADC12HI_H</name>
         <value>0x80b</value>
      </symbol>
      <symbol id="sm-15">
         <name>ADC12IFGR0</name>
         <value>0x80c</value>
      </symbol>
      <symbol id="sm-16">
         <name>ADC12IFGR0_L</name>
         <value>0x80c</value>
      </symbol>
      <symbol id="sm-17">
         <name>ADC12IFGR0_H</name>
         <value>0x80d</value>
      </symbol>
      <symbol id="sm-18">
         <name>ADC12IFGR1</name>
         <value>0x80e</value>
      </symbol>
      <symbol id="sm-19">
         <name>ADC12IFGR1_L</name>
         <value>0x80e</value>
      </symbol>
      <symbol id="sm-1a">
         <name>ADC12IFGR1_H</name>
         <value>0x80f</value>
      </symbol>
      <symbol id="sm-1b">
         <name>ADC12IFGR2</name>
         <value>0x810</value>
      </symbol>
      <symbol id="sm-1c">
         <name>ADC12IFGR2_L</name>
         <value>0x810</value>
      </symbol>
      <symbol id="sm-1d">
         <name>ADC12IFGR2_H</name>
         <value>0x811</value>
      </symbol>
      <symbol id="sm-1e">
         <name>ADC12IER0</name>
         <value>0x812</value>
      </symbol>
      <symbol id="sm-1f">
         <name>ADC12IER0_L</name>
         <value>0x812</value>
      </symbol>
      <symbol id="sm-20">
         <name>ADC12IER0_H</name>
         <value>0x813</value>
      </symbol>
      <symbol id="sm-21">
         <name>ADC12IER1</name>
         <value>0x814</value>
      </symbol>
      <symbol id="sm-22">
         <name>ADC12IER1_L</name>
         <value>0x814</value>
      </symbol>
      <symbol id="sm-23">
         <name>ADC12IER1_H</name>
         <value>0x815</value>
      </symbol>
      <symbol id="sm-24">
         <name>ADC12IER2</name>
         <value>0x816</value>
      </symbol>
      <symbol id="sm-25">
         <name>ADC12IER2_L</name>
         <value>0x816</value>
      </symbol>
      <symbol id="sm-26">
         <name>ADC12IER2_H</name>
         <value>0x817</value>
      </symbol>
      <symbol id="sm-27">
         <name>ADC12IV</name>
         <value>0x818</value>
      </symbol>
      <symbol id="sm-28">
         <name>ADC12IV_L</name>
         <value>0x818</value>
      </symbol>
      <symbol id="sm-29">
         <name>ADC12IV_H</name>
         <value>0x819</value>
      </symbol>
      <symbol id="sm-2a">
         <name>ADC12MCTL0</name>
         <value>0x820</value>
      </symbol>
      <symbol id="sm-2b">
         <name>ADC12MCTL0_L</name>
         <value>0x820</value>
      </symbol>
      <symbol id="sm-2c">
         <name>ADC12MCTL0_H</name>
         <value>0x821</value>
      </symbol>
      <symbol id="sm-2d">
         <name>ADC12MCTL1</name>
         <value>0x822</value>
      </symbol>
      <symbol id="sm-2e">
         <name>ADC12MCTL1_L</name>
         <value>0x822</value>
      </symbol>
      <symbol id="sm-2f">
         <name>ADC12MCTL1_H</name>
         <value>0x823</value>
      </symbol>
      <symbol id="sm-30">
         <name>ADC12MCTL2</name>
         <value>0x824</value>
      </symbol>
      <symbol id="sm-31">
         <name>ADC12MCTL2_L</name>
         <value>0x824</value>
      </symbol>
      <symbol id="sm-32">
         <name>ADC12MCTL2_H</name>
         <value>0x825</value>
      </symbol>
      <symbol id="sm-33">
         <name>ADC12MCTL3</name>
         <value>0x826</value>
      </symbol>
      <symbol id="sm-34">
         <name>ADC12MCTL3_L</name>
         <value>0x826</value>
      </symbol>
      <symbol id="sm-35">
         <name>ADC12MCTL3_H</name>
         <value>0x827</value>
      </symbol>
      <symbol id="sm-36">
         <name>ADC12MCTL4</name>
         <value>0x828</value>
      </symbol>
      <symbol id="sm-37">
         <name>ADC12MCTL4_L</name>
         <value>0x828</value>
      </symbol>
      <symbol id="sm-38">
         <name>ADC12MCTL4_H</name>
         <value>0x829</value>
      </symbol>
      <symbol id="sm-39">
         <name>ADC12MCTL5</name>
         <value>0x82a</value>
      </symbol>
      <symbol id="sm-3a">
         <name>ADC12MCTL5_L</name>
         <value>0x82a</value>
      </symbol>
      <symbol id="sm-3b">
         <name>ADC12MCTL5_H</name>
         <value>0x82b</value>
      </symbol>
      <symbol id="sm-3c">
         <name>ADC12MCTL6</name>
         <value>0x82c</value>
      </symbol>
      <symbol id="sm-3d">
         <name>ADC12MCTL6_L</name>
         <value>0x82c</value>
      </symbol>
      <symbol id="sm-3e">
         <name>ADC12MCTL6_H</name>
         <value>0x82d</value>
      </symbol>
      <symbol id="sm-3f">
         <name>ADC12MCTL7</name>
         <value>0x82e</value>
      </symbol>
      <symbol id="sm-40">
         <name>ADC12MCTL7_L</name>
         <value>0x82e</value>
      </symbol>
      <symbol id="sm-41">
         <name>ADC12MCTL7_H</name>
         <value>0x82f</value>
      </symbol>
      <symbol id="sm-42">
         <name>ADC12MCTL8</name>
         <value>0x830</value>
      </symbol>
      <symbol id="sm-43">
         <name>ADC12MCTL8_L</name>
         <value>0x830</value>
      </symbol>
      <symbol id="sm-44">
         <name>ADC12MCTL8_H</name>
         <value>0x831</value>
      </symbol>
      <symbol id="sm-45">
         <name>ADC12MCTL9</name>
         <value>0x832</value>
      </symbol>
      <symbol id="sm-46">
         <name>ADC12MCTL9_L</name>
         <value>0x832</value>
      </symbol>
      <symbol id="sm-47">
         <name>ADC12MCTL9_H</name>
         <value>0x833</value>
      </symbol>
      <symbol id="sm-48">
         <name>ADC12MCTL10</name>
         <value>0x834</value>
      </symbol>
      <symbol id="sm-49">
         <name>ADC12MCTL10_L</name>
         <value>0x834</value>
      </symbol>
      <symbol id="sm-4a">
         <name>ADC12MCTL10_H</name>
         <value>0x835</value>
      </symbol>
      <symbol id="sm-4b">
         <name>ADC12MCTL11</name>
         <value>0x836</value>
      </symbol>
      <symbol id="sm-4c">
         <name>ADC12MCTL11_L</name>
         <value>0x836</value>
      </symbol>
      <symbol id="sm-4d">
         <name>ADC12MCTL11_H</name>
         <value>0x837</value>
      </symbol>
      <symbol id="sm-4e">
         <name>ADC12MCTL12</name>
         <value>0x838</value>
      </symbol>
      <symbol id="sm-4f">
         <name>ADC12MCTL12_L</name>
         <value>0x838</value>
      </symbol>
      <symbol id="sm-50">
         <name>ADC12MCTL12_H</name>
         <value>0x839</value>
      </symbol>
      <symbol id="sm-51">
         <name>ADC12MCTL13</name>
         <value>0x83a</value>
      </symbol>
      <symbol id="sm-52">
         <name>ADC12MCTL13_L</name>
         <value>0x83a</value>
      </symbol>
      <symbol id="sm-53">
         <name>ADC12MCTL13_H</name>
         <value>0x83b</value>
      </symbol>
      <symbol id="sm-54">
         <name>ADC12MCTL14</name>
         <value>0x83c</value>
      </symbol>
      <symbol id="sm-55">
         <name>ADC12MCTL14_L</name>
         <value>0x83c</value>
      </symbol>
      <symbol id="sm-56">
         <name>ADC12MCTL14_H</name>
         <value>0x83d</value>
      </symbol>
      <symbol id="sm-57">
         <name>ADC12MCTL15</name>
         <value>0x83e</value>
      </symbol>
      <symbol id="sm-58">
         <name>ADC12MCTL15_L</name>
         <value>0x83e</value>
      </symbol>
      <symbol id="sm-59">
         <name>ADC12MCTL15_H</name>
         <value>0x83f</value>
      </symbol>
      <symbol id="sm-5a">
         <name>ADC12MCTL16</name>
         <value>0x840</value>
      </symbol>
      <symbol id="sm-5b">
         <name>ADC12MCTL16_L</name>
         <value>0x840</value>
      </symbol>
      <symbol id="sm-5c">
         <name>ADC12MCTL16_H</name>
         <value>0x841</value>
      </symbol>
      <symbol id="sm-5d">
         <name>ADC12MCTL17</name>
         <value>0x842</value>
      </symbol>
      <symbol id="sm-5e">
         <name>ADC12MCTL17_L</name>
         <value>0x842</value>
      </symbol>
      <symbol id="sm-5f">
         <name>ADC12MCTL17_H</name>
         <value>0x843</value>
      </symbol>
      <symbol id="sm-60">
         <name>ADC12MCTL18</name>
         <value>0x844</value>
      </symbol>
      <symbol id="sm-61">
         <name>ADC12MCTL18_L</name>
         <value>0x844</value>
      </symbol>
      <symbol id="sm-62">
         <name>ADC12MCTL18_H</name>
         <value>0x845</value>
      </symbol>
      <symbol id="sm-63">
         <name>ADC12MCTL19</name>
         <value>0x846</value>
      </symbol>
      <symbol id="sm-64">
         <name>ADC12MCTL19_L</name>
         <value>0x846</value>
      </symbol>
      <symbol id="sm-65">
         <name>ADC12MCTL19_H</name>
         <value>0x847</value>
      </symbol>
      <symbol id="sm-66">
         <name>ADC12MCTL20</name>
         <value>0x848</value>
      </symbol>
      <symbol id="sm-67">
         <name>ADC12MCTL20_L</name>
         <value>0x848</value>
      </symbol>
      <symbol id="sm-68">
         <name>ADC12MCTL20_H</name>
         <value>0x849</value>
      </symbol>
      <symbol id="sm-69">
         <name>ADC12MCTL21</name>
         <value>0x84a</value>
      </symbol>
      <symbol id="sm-6a">
         <name>ADC12MCTL21_L</name>
         <value>0x84a</value>
      </symbol>
      <symbol id="sm-6b">
         <name>ADC12MCTL21_H</name>
         <value>0x84b</value>
      </symbol>
      <symbol id="sm-6c">
         <name>ADC12MCTL22</name>
         <value>0x84c</value>
      </symbol>
      <symbol id="sm-6d">
         <name>ADC12MCTL22_L</name>
         <value>0x84c</value>
      </symbol>
      <symbol id="sm-6e">
         <name>ADC12MCTL22_H</name>
         <value>0x84d</value>
      </symbol>
      <symbol id="sm-6f">
         <name>ADC12MCTL23</name>
         <value>0x84e</value>
      </symbol>
      <symbol id="sm-70">
         <name>ADC12MCTL23_L</name>
         <value>0x84e</value>
      </symbol>
      <symbol id="sm-71">
         <name>ADC12MCTL23_H</name>
         <value>0x84f</value>
      </symbol>
      <symbol id="sm-72">
         <name>ADC12MCTL24</name>
         <value>0x850</value>
      </symbol>
      <symbol id="sm-73">
         <name>ADC12MCTL24_L</name>
         <value>0x850</value>
      </symbol>
      <symbol id="sm-74">
         <name>ADC12MCTL24_H</name>
         <value>0x851</value>
      </symbol>
      <symbol id="sm-75">
         <name>ADC12MCTL25</name>
         <value>0x852</value>
      </symbol>
      <symbol id="sm-76">
         <name>ADC12MCTL25_L</name>
         <value>0x852</value>
      </symbol>
      <symbol id="sm-77">
         <name>ADC12MCTL25_H</name>
         <value>0x853</value>
      </symbol>
      <symbol id="sm-78">
         <name>ADC12MCTL26</name>
         <value>0x854</value>
      </symbol>
      <symbol id="sm-79">
         <name>ADC12MCTL26_L</name>
         <value>0x854</value>
      </symbol>
      <symbol id="sm-7a">
         <name>ADC12MCTL26_H</name>
         <value>0x855</value>
      </symbol>
      <symbol id="sm-7b">
         <name>ADC12MCTL27</name>
         <value>0x856</value>
      </symbol>
      <symbol id="sm-7c">
         <name>ADC12MCTL27_L</name>
         <value>0x856</value>
      </symbol>
      <symbol id="sm-7d">
         <name>ADC12MCTL27_H</name>
         <value>0x857</value>
      </symbol>
      <symbol id="sm-7e">
         <name>ADC12MCTL28</name>
         <value>0x858</value>
      </symbol>
      <symbol id="sm-7f">
         <name>ADC12MCTL28_L</name>
         <value>0x858</value>
      </symbol>
      <symbol id="sm-80">
         <name>ADC12MCTL28_H</name>
         <value>0x859</value>
      </symbol>
      <symbol id="sm-81">
         <name>ADC12MCTL29</name>
         <value>0x85a</value>
      </symbol>
      <symbol id="sm-82">
         <name>ADC12MCTL29_L</name>
         <value>0x85a</value>
      </symbol>
      <symbol id="sm-83">
         <name>ADC12MCTL29_H</name>
         <value>0x85b</value>
      </symbol>
      <symbol id="sm-84">
         <name>ADC12MCTL30</name>
         <value>0x85c</value>
      </symbol>
      <symbol id="sm-85">
         <name>ADC12MCTL30_L</name>
         <value>0x85c</value>
      </symbol>
      <symbol id="sm-86">
         <name>ADC12MCTL30_H</name>
         <value>0x85d</value>
      </symbol>
      <symbol id="sm-87">
         <name>ADC12MCTL31</name>
         <value>0x85e</value>
      </symbol>
      <symbol id="sm-88">
         <name>ADC12MCTL31_L</name>
         <value>0x85e</value>
      </symbol>
      <symbol id="sm-89">
         <name>ADC12MCTL31_H</name>
         <value>0x85f</value>
      </symbol>
      <symbol id="sm-8a">
         <name>ADC12MEM0</name>
         <value>0x860</value>
      </symbol>
      <symbol id="sm-8b">
         <name>ADC12MEM0_L</name>
         <value>0x860</value>
      </symbol>
      <symbol id="sm-8c">
         <name>ADC12MEM0_H</name>
         <value>0x861</value>
      </symbol>
      <symbol id="sm-8d">
         <name>ADC12MEM1</name>
         <value>0x862</value>
      </symbol>
      <symbol id="sm-8e">
         <name>ADC12MEM1_L</name>
         <value>0x862</value>
      </symbol>
      <symbol id="sm-8f">
         <name>ADC12MEM1_H</name>
         <value>0x863</value>
      </symbol>
      <symbol id="sm-90">
         <name>ADC12MEM2</name>
         <value>0x864</value>
      </symbol>
      <symbol id="sm-91">
         <name>ADC12MEM2_L</name>
         <value>0x864</value>
      </symbol>
      <symbol id="sm-92">
         <name>ADC12MEM2_H</name>
         <value>0x865</value>
      </symbol>
      <symbol id="sm-93">
         <name>ADC12MEM3</name>
         <value>0x866</value>
      </symbol>
      <symbol id="sm-94">
         <name>ADC12MEM3_L</name>
         <value>0x866</value>
      </symbol>
      <symbol id="sm-95">
         <name>ADC12MEM3_H</name>
         <value>0x867</value>
      </symbol>
      <symbol id="sm-96">
         <name>ADC12MEM4</name>
         <value>0x868</value>
      </symbol>
      <symbol id="sm-97">
         <name>ADC12MEM4_L</name>
         <value>0x868</value>
      </symbol>
      <symbol id="sm-98">
         <name>ADC12MEM4_H</name>
         <value>0x869</value>
      </symbol>
      <symbol id="sm-99">
         <name>ADC12MEM5</name>
         <value>0x86a</value>
      </symbol>
      <symbol id="sm-9a">
         <name>ADC12MEM5_L</name>
         <value>0x86a</value>
      </symbol>
      <symbol id="sm-9b">
         <name>ADC12MEM5_H</name>
         <value>0x86b</value>
      </symbol>
      <symbol id="sm-9c">
         <name>ADC12MEM6</name>
         <value>0x86c</value>
      </symbol>
      <symbol id="sm-9d">
         <name>ADC12MEM6_L</name>
         <value>0x86c</value>
      </symbol>
      <symbol id="sm-9e">
         <name>ADC12MEM6_H</name>
         <value>0x86d</value>
      </symbol>
      <symbol id="sm-9f">
         <name>ADC12MEM7</name>
         <value>0x86e</value>
      </symbol>
      <symbol id="sm-a0">
         <name>ADC12MEM7_L</name>
         <value>0x86e</value>
      </symbol>
      <symbol id="sm-a1">
         <name>ADC12MEM7_H</name>
         <value>0x86f</value>
      </symbol>
      <symbol id="sm-a2">
         <name>ADC12MEM8</name>
         <value>0x870</value>
      </symbol>
      <symbol id="sm-a3">
         <name>ADC12MEM8_L</name>
         <value>0x870</value>
      </symbol>
      <symbol id="sm-a4">
         <name>ADC12MEM8_H</name>
         <value>0x871</value>
      </symbol>
      <symbol id="sm-a5">
         <name>ADC12MEM9</name>
         <value>0x872</value>
      </symbol>
      <symbol id="sm-a6">
         <name>ADC12MEM9_L</name>
         <value>0x872</value>
      </symbol>
      <symbol id="sm-a7">
         <name>ADC12MEM9_H</name>
         <value>0x873</value>
      </symbol>
      <symbol id="sm-a8">
         <name>ADC12MEM10</name>
         <value>0x874</value>
      </symbol>
      <symbol id="sm-a9">
         <name>ADC12MEM10_L</name>
         <value>0x874</value>
      </symbol>
      <symbol id="sm-aa">
         <name>ADC12MEM10_H</name>
         <value>0x875</value>
      </symbol>
      <symbol id="sm-ab">
         <name>ADC12MEM11</name>
         <value>0x876</value>
      </symbol>
      <symbol id="sm-ac">
         <name>ADC12MEM11_L</name>
         <value>0x876</value>
      </symbol>
      <symbol id="sm-ad">
         <name>ADC12MEM11_H</name>
         <value>0x877</value>
      </symbol>
      <symbol id="sm-ae">
         <name>ADC12MEM12</name>
         <value>0x878</value>
      </symbol>
      <symbol id="sm-af">
         <name>ADC12MEM12_L</name>
         <value>0x878</value>
      </symbol>
      <symbol id="sm-b0">
         <name>ADC12MEM12_H</name>
         <value>0x879</value>
      </symbol>
      <symbol id="sm-b1">
         <name>ADC12MEM13</name>
         <value>0x87a</value>
      </symbol>
      <symbol id="sm-b2">
         <name>ADC12MEM13_L</name>
         <value>0x87a</value>
      </symbol>
      <symbol id="sm-b3">
         <name>ADC12MEM13_H</name>
         <value>0x87b</value>
      </symbol>
      <symbol id="sm-b4">
         <name>ADC12MEM14</name>
         <value>0x87c</value>
      </symbol>
      <symbol id="sm-b5">
         <name>ADC12MEM14_L</name>
         <value>0x87c</value>
      </symbol>
      <symbol id="sm-b6">
         <name>ADC12MEM14_H</name>
         <value>0x87d</value>
      </symbol>
      <symbol id="sm-b7">
         <name>ADC12MEM15</name>
         <value>0x87e</value>
      </symbol>
      <symbol id="sm-b8">
         <name>ADC12MEM15_L</name>
         <value>0x87e</value>
      </symbol>
      <symbol id="sm-b9">
         <name>ADC12MEM15_H</name>
         <value>0x87f</value>
      </symbol>
      <symbol id="sm-ba">
         <name>ADC12MEM16</name>
         <value>0x880</value>
      </symbol>
      <symbol id="sm-bb">
         <name>ADC12MEM16_L</name>
         <value>0x880</value>
      </symbol>
      <symbol id="sm-bc">
         <name>ADC12MEM16_H</name>
         <value>0x881</value>
      </symbol>
      <symbol id="sm-bd">
         <name>ADC12MEM17</name>
         <value>0x882</value>
      </symbol>
      <symbol id="sm-be">
         <name>ADC12MEM17_L</name>
         <value>0x882</value>
      </symbol>
      <symbol id="sm-bf">
         <name>ADC12MEM17_H</name>
         <value>0x883</value>
      </symbol>
      <symbol id="sm-c0">
         <name>ADC12MEM18</name>
         <value>0x884</value>
      </symbol>
      <symbol id="sm-c1">
         <name>ADC12MEM18_L</name>
         <value>0x884</value>
      </symbol>
      <symbol id="sm-c2">
         <name>ADC12MEM18_H</name>
         <value>0x885</value>
      </symbol>
      <symbol id="sm-c3">
         <name>ADC12MEM19</name>
         <value>0x886</value>
      </symbol>
      <symbol id="sm-c4">
         <name>ADC12MEM19_L</name>
         <value>0x886</value>
      </symbol>
      <symbol id="sm-c5">
         <name>ADC12MEM19_H</name>
         <value>0x887</value>
      </symbol>
      <symbol id="sm-c6">
         <name>ADC12MEM20</name>
         <value>0x888</value>
      </symbol>
      <symbol id="sm-c7">
         <name>ADC12MEM20_L</name>
         <value>0x888</value>
      </symbol>
      <symbol id="sm-c8">
         <name>ADC12MEM20_H</name>
         <value>0x889</value>
      </symbol>
      <symbol id="sm-c9">
         <name>ADC12MEM21</name>
         <value>0x88a</value>
      </symbol>
      <symbol id="sm-ca">
         <name>ADC12MEM21_L</name>
         <value>0x88a</value>
      </symbol>
      <symbol id="sm-cb">
         <name>ADC12MEM21_H</name>
         <value>0x88b</value>
      </symbol>
      <symbol id="sm-cc">
         <name>ADC12MEM22</name>
         <value>0x88c</value>
      </symbol>
      <symbol id="sm-cd">
         <name>ADC12MEM22_L</name>
         <value>0x88c</value>
      </symbol>
      <symbol id="sm-ce">
         <name>ADC12MEM22_H</name>
         <value>0x88d</value>
      </symbol>
      <symbol id="sm-cf">
         <name>ADC12MEM23</name>
         <value>0x88e</value>
      </symbol>
      <symbol id="sm-d0">
         <name>ADC12MEM23_L</name>
         <value>0x88e</value>
      </symbol>
      <symbol id="sm-d1">
         <name>ADC12MEM23_H</name>
         <value>0x88f</value>
      </symbol>
      <symbol id="sm-d2">
         <name>ADC12MEM24</name>
         <value>0x890</value>
      </symbol>
      <symbol id="sm-d3">
         <name>ADC12MEM24_L</name>
         <value>0x890</value>
      </symbol>
      <symbol id="sm-d4">
         <name>ADC12MEM24_H</name>
         <value>0x891</value>
      </symbol>
      <symbol id="sm-d5">
         <name>ADC12MEM25</name>
         <value>0x892</value>
      </symbol>
      <symbol id="sm-d6">
         <name>ADC12MEM25_L</name>
         <value>0x892</value>
      </symbol>
      <symbol id="sm-d7">
         <name>ADC12MEM25_H</name>
         <value>0x893</value>
      </symbol>
      <symbol id="sm-d8">
         <name>ADC12MEM26</name>
         <value>0x894</value>
      </symbol>
      <symbol id="sm-d9">
         <name>ADC12MEM26_L</name>
         <value>0x894</value>
      </symbol>
      <symbol id="sm-da">
         <name>ADC12MEM26_H</name>
         <value>0x895</value>
      </symbol>
      <symbol id="sm-db">
         <name>ADC12MEM27</name>
         <value>0x896</value>
      </symbol>
      <symbol id="sm-dc">
         <name>ADC12MEM27_L</name>
         <value>0x896</value>
      </symbol>
      <symbol id="sm-dd">
         <name>ADC12MEM27_H</name>
         <value>0x897</value>
      </symbol>
      <symbol id="sm-de">
         <name>ADC12MEM28</name>
         <value>0x898</value>
      </symbol>
      <symbol id="sm-df">
         <name>ADC12MEM28_L</name>
         <value>0x898</value>
      </symbol>
      <symbol id="sm-e0">
         <name>ADC12MEM28_H</name>
         <value>0x899</value>
      </symbol>
      <symbol id="sm-e1">
         <name>ADC12MEM29</name>
         <value>0x89a</value>
      </symbol>
      <symbol id="sm-e2">
         <name>ADC12MEM29_L</name>
         <value>0x89a</value>
      </symbol>
      <symbol id="sm-e3">
         <name>ADC12MEM29_H</name>
         <value>0x89b</value>
      </symbol>
      <symbol id="sm-e4">
         <name>ADC12MEM30</name>
         <value>0x89c</value>
      </symbol>
      <symbol id="sm-e5">
         <name>ADC12MEM30_L</name>
         <value>0x89c</value>
      </symbol>
      <symbol id="sm-e6">
         <name>ADC12MEM30_H</name>
         <value>0x89d</value>
      </symbol>
      <symbol id="sm-e7">
         <name>ADC12MEM31</name>
         <value>0x89e</value>
      </symbol>
      <symbol id="sm-e8">
         <name>ADC12MEM31_L</name>
         <value>0x89e</value>
      </symbol>
      <symbol id="sm-e9">
         <name>ADC12MEM31_H</name>
         <value>0x89f</value>
      </symbol>
      <symbol id="sm-ea">
         <name>AESACTL0</name>
         <value>0x9c0</value>
      </symbol>
      <symbol id="sm-eb">
         <name>AESACTL0_L</name>
         <value>0x9c0</value>
      </symbol>
      <symbol id="sm-ec">
         <name>AESACTL0_H</name>
         <value>0x9c1</value>
      </symbol>
      <symbol id="sm-ed">
         <name>AESACTL1</name>
         <value>0x9c2</value>
      </symbol>
      <symbol id="sm-ee">
         <name>AESACTL1_L</name>
         <value>0x9c2</value>
      </symbol>
      <symbol id="sm-ef">
         <name>AESACTL1_H</name>
         <value>0x9c3</value>
      </symbol>
      <symbol id="sm-f0">
         <name>AESASTAT</name>
         <value>0x9c4</value>
      </symbol>
      <symbol id="sm-f1">
         <name>AESASTAT_L</name>
         <value>0x9c4</value>
      </symbol>
      <symbol id="sm-f2">
         <name>AESASTAT_H</name>
         <value>0x9c5</value>
      </symbol>
      <symbol id="sm-f3">
         <name>AESAKEY</name>
         <value>0x9c6</value>
      </symbol>
      <symbol id="sm-f4">
         <name>AESAKEY_L</name>
         <value>0x9c6</value>
      </symbol>
      <symbol id="sm-f5">
         <name>AESAKEY_H</name>
         <value>0x9c7</value>
      </symbol>
      <symbol id="sm-f6">
         <name>AESADIN</name>
         <value>0x9c8</value>
      </symbol>
      <symbol id="sm-f7">
         <name>AESADIN_L</name>
         <value>0x9c8</value>
      </symbol>
      <symbol id="sm-f8">
         <name>AESADIN_H</name>
         <value>0x9c9</value>
      </symbol>
      <symbol id="sm-f9">
         <name>AESADOUT</name>
         <value>0x9ca</value>
      </symbol>
      <symbol id="sm-fa">
         <name>AESADOUT_L</name>
         <value>0x9ca</value>
      </symbol>
      <symbol id="sm-fb">
         <name>AESADOUT_H</name>
         <value>0x9cb</value>
      </symbol>
      <symbol id="sm-fc">
         <name>AESAXDIN</name>
         <value>0x9cc</value>
      </symbol>
      <symbol id="sm-fd">
         <name>AESAXDIN_L</name>
         <value>0x9cc</value>
      </symbol>
      <symbol id="sm-fe">
         <name>AESAXDIN_H</name>
         <value>0x9cd</value>
      </symbol>
      <symbol id="sm-ff">
         <name>AESAXIN</name>
         <value>0x9ce</value>
      </symbol>
      <symbol id="sm-100">
         <name>AESAXIN_L</name>
         <value>0x9ce</value>
      </symbol>
      <symbol id="sm-101">
         <name>AESAXIN_H</name>
         <value>0x9cf</value>
      </symbol>
      <symbol id="sm-102">
         <name>CAPTIO0CTL</name>
         <value>0x43e</value>
      </symbol>
      <symbol id="sm-103">
         <name>CAPTIO0CTL_L</name>
         <value>0x43e</value>
      </symbol>
      <symbol id="sm-104">
         <name>CAPTIO0CTL_H</name>
         <value>0x43f</value>
      </symbol>
      <symbol id="sm-105">
         <name>CAPTIO1CTL</name>
         <value>0x47e</value>
      </symbol>
      <symbol id="sm-106">
         <name>CAPTIO1CTL_L</name>
         <value>0x47e</value>
      </symbol>
      <symbol id="sm-107">
         <name>CAPTIO1CTL_H</name>
         <value>0x47f</value>
      </symbol>
      <symbol id="sm-108">
         <name>CECTL0</name>
         <value>0x8c0</value>
      </symbol>
      <symbol id="sm-109">
         <name>CECTL0_L</name>
         <value>0x8c0</value>
      </symbol>
      <symbol id="sm-10a">
         <name>CECTL0_H</name>
         <value>0x8c1</value>
      </symbol>
      <symbol id="sm-10b">
         <name>CECTL1</name>
         <value>0x8c2</value>
      </symbol>
      <symbol id="sm-10c">
         <name>CECTL1_L</name>
         <value>0x8c2</value>
      </symbol>
      <symbol id="sm-10d">
         <name>CECTL1_H</name>
         <value>0x8c3</value>
      </symbol>
      <symbol id="sm-10e">
         <name>CECTL2</name>
         <value>0x8c4</value>
      </symbol>
      <symbol id="sm-10f">
         <name>CECTL2_L</name>
         <value>0x8c4</value>
      </symbol>
      <symbol id="sm-110">
         <name>CECTL2_H</name>
         <value>0x8c5</value>
      </symbol>
      <symbol id="sm-111">
         <name>CECTL3</name>
         <value>0x8c6</value>
      </symbol>
      <symbol id="sm-112">
         <name>CECTL3_L</name>
         <value>0x8c6</value>
      </symbol>
      <symbol id="sm-113">
         <name>CECTL3_H</name>
         <value>0x8c7</value>
      </symbol>
      <symbol id="sm-114">
         <name>CEINT</name>
         <value>0x8cc</value>
      </symbol>
      <symbol id="sm-115">
         <name>CEINT_L</name>
         <value>0x8cc</value>
      </symbol>
      <symbol id="sm-116">
         <name>CEINT_H</name>
         <value>0x8cd</value>
      </symbol>
      <symbol id="sm-117">
         <name>CEIV</name>
         <value>0x8ce</value>
      </symbol>
      <symbol id="sm-118">
         <name>CEIV_L</name>
         <value>0x8ce</value>
      </symbol>
      <symbol id="sm-119">
         <name>CEIV_H</name>
         <value>0x8cf</value>
      </symbol>
      <symbol id="sm-11a">
         <name>CRCDI</name>
         <value>0x150</value>
      </symbol>
      <symbol id="sm-11b">
         <name>CRCDI_L</name>
         <value>0x150</value>
      </symbol>
      <symbol id="sm-11c">
         <name>CRCDI_H</name>
         <value>0x151</value>
      </symbol>
      <symbol id="sm-11d">
         <name>CRCDIRB</name>
         <value>0x152</value>
      </symbol>
      <symbol id="sm-11e">
         <name>CRCDIRB_L</name>
         <value>0x152</value>
      </symbol>
      <symbol id="sm-11f">
         <name>CRCDIRB_H</name>
         <value>0x153</value>
      </symbol>
      <symbol id="sm-120">
         <name>CRCINIRES</name>
         <value>0x154</value>
      </symbol>
      <symbol id="sm-121">
         <name>CRCINIRES_L</name>
         <value>0x154</value>
      </symbol>
      <symbol id="sm-122">
         <name>CRCINIRES_H</name>
         <value>0x155</value>
      </symbol>
      <symbol id="sm-123">
         <name>CRCRESR</name>
         <value>0x156</value>
      </symbol>
      <symbol id="sm-124">
         <name>CRCRESR_L</name>
         <value>0x156</value>
      </symbol>
      <symbol id="sm-125">
         <name>CRCRESR_H</name>
         <value>0x157</value>
      </symbol>
      <symbol id="sm-126">
         <name>CSCTL0</name>
         <value>0x160</value>
      </symbol>
      <symbol id="sm-127">
         <name>CSCTL0_L</name>
         <value>0x160</value>
      </symbol>
      <symbol id="sm-128">
         <name>CSCTL0_H</name>
         <value>0x161</value>
      </symbol>
      <symbol id="sm-129">
         <name>CSCTL1</name>
         <value>0x162</value>
      </symbol>
      <symbol id="sm-12a">
         <name>CSCTL1_L</name>
         <value>0x162</value>
      </symbol>
      <symbol id="sm-12b">
         <name>CSCTL1_H</name>
         <value>0x163</value>
      </symbol>
      <symbol id="sm-12c">
         <name>CSCTL2</name>
         <value>0x164</value>
      </symbol>
      <symbol id="sm-12d">
         <name>CSCTL2_L</name>
         <value>0x164</value>
      </symbol>
      <symbol id="sm-12e">
         <name>CSCTL2_H</name>
         <value>0x165</value>
      </symbol>
      <symbol id="sm-12f">
         <name>CSCTL3</name>
         <value>0x166</value>
      </symbol>
      <symbol id="sm-130">
         <name>CSCTL3_L</name>
         <value>0x166</value>
      </symbol>
      <symbol id="sm-131">
         <name>CSCTL3_H</name>
         <value>0x167</value>
      </symbol>
      <symbol id="sm-132">
         <name>CSCTL4</name>
         <value>0x168</value>
      </symbol>
      <symbol id="sm-133">
         <name>CSCTL4_L</name>
         <value>0x168</value>
      </symbol>
      <symbol id="sm-134">
         <name>CSCTL4_H</name>
         <value>0x169</value>
      </symbol>
      <symbol id="sm-135">
         <name>CSCTL5</name>
         <value>0x16a</value>
      </symbol>
      <symbol id="sm-136">
         <name>CSCTL5_L</name>
         <value>0x16a</value>
      </symbol>
      <symbol id="sm-137">
         <name>CSCTL5_H</name>
         <value>0x16b</value>
      </symbol>
      <symbol id="sm-138">
         <name>CSCTL6</name>
         <value>0x16c</value>
      </symbol>
      <symbol id="sm-139">
         <name>CSCTL6_L</name>
         <value>0x16c</value>
      </symbol>
      <symbol id="sm-13a">
         <name>CSCTL6_H</name>
         <value>0x16d</value>
      </symbol>
      <symbol id="sm-13b">
         <name>DMACTL0</name>
         <value>0x500</value>
      </symbol>
      <symbol id="sm-13c">
         <name>DMACTL0_L</name>
         <value>0x500</value>
      </symbol>
      <symbol id="sm-13d">
         <name>DMACTL0_H</name>
         <value>0x501</value>
      </symbol>
      <symbol id="sm-13e">
         <name>DMACTL1</name>
         <value>0x502</value>
      </symbol>
      <symbol id="sm-13f">
         <name>DMACTL1_L</name>
         <value>0x502</value>
      </symbol>
      <symbol id="sm-140">
         <name>DMACTL1_H</name>
         <value>0x503</value>
      </symbol>
      <symbol id="sm-141">
         <name>DMACTL2</name>
         <value>0x504</value>
      </symbol>
      <symbol id="sm-142">
         <name>DMACTL2_L</name>
         <value>0x504</value>
      </symbol>
      <symbol id="sm-143">
         <name>DMACTL2_H</name>
         <value>0x505</value>
      </symbol>
      <symbol id="sm-144">
         <name>DMACTL3</name>
         <value>0x506</value>
      </symbol>
      <symbol id="sm-145">
         <name>DMACTL3_L</name>
         <value>0x506</value>
      </symbol>
      <symbol id="sm-146">
         <name>DMACTL3_H</name>
         <value>0x507</value>
      </symbol>
      <symbol id="sm-147">
         <name>DMACTL4</name>
         <value>0x508</value>
      </symbol>
      <symbol id="sm-148">
         <name>DMACTL4_L</name>
         <value>0x508</value>
      </symbol>
      <symbol id="sm-149">
         <name>DMACTL4_H</name>
         <value>0x509</value>
      </symbol>
      <symbol id="sm-14a">
         <name>DMAIV</name>
         <value>0x50e</value>
      </symbol>
      <symbol id="sm-14b">
         <name>DMAIV_L</name>
         <value>0x50e</value>
      </symbol>
      <symbol id="sm-14c">
         <name>DMAIV_H</name>
         <value>0x50f</value>
      </symbol>
      <symbol id="sm-14d">
         <name>DMA0CTL</name>
         <value>0x510</value>
      </symbol>
      <symbol id="sm-14e">
         <name>DMA0CTL_L</name>
         <value>0x510</value>
      </symbol>
      <symbol id="sm-14f">
         <name>DMA0CTL_H</name>
         <value>0x511</value>
      </symbol>
      <symbol id="sm-150">
         <name>DMA0SA</name>
         <value>0x512</value>
      </symbol>
      <symbol id="sm-151">
         <name>DMA0SAL</name>
         <value>0x512</value>
      </symbol>
      <symbol id="sm-152">
         <name>DMA0DA</name>
         <value>0x516</value>
      </symbol>
      <symbol id="sm-153">
         <name>DMA0DAL</name>
         <value>0x516</value>
      </symbol>
      <symbol id="sm-154">
         <name>DMA0SZ</name>
         <value>0x51a</value>
      </symbol>
      <symbol id="sm-155">
         <name>DMA1CTL</name>
         <value>0x520</value>
      </symbol>
      <symbol id="sm-156">
         <name>DMA1CTL_L</name>
         <value>0x520</value>
      </symbol>
      <symbol id="sm-157">
         <name>DMA1CTL_H</name>
         <value>0x521</value>
      </symbol>
      <symbol id="sm-158">
         <name>DMA1SA</name>
         <value>0x522</value>
      </symbol>
      <symbol id="sm-159">
         <name>DMA1SAL</name>
         <value>0x522</value>
      </symbol>
      <symbol id="sm-15a">
         <name>DMA1DA</name>
         <value>0x526</value>
      </symbol>
      <symbol id="sm-15b">
         <name>DMA1DAL</name>
         <value>0x526</value>
      </symbol>
      <symbol id="sm-15c">
         <name>DMA1SZ</name>
         <value>0x52a</value>
      </symbol>
      <symbol id="sm-15d">
         <name>DMA2CTL</name>
         <value>0x530</value>
      </symbol>
      <symbol id="sm-15e">
         <name>DMA2CTL_L</name>
         <value>0x530</value>
      </symbol>
      <symbol id="sm-15f">
         <name>DMA2CTL_H</name>
         <value>0x531</value>
      </symbol>
      <symbol id="sm-160">
         <name>DMA2SA</name>
         <value>0x532</value>
      </symbol>
      <symbol id="sm-161">
         <name>DMA2SAL</name>
         <value>0x532</value>
      </symbol>
      <symbol id="sm-162">
         <name>DMA2DA</name>
         <value>0x536</value>
      </symbol>
      <symbol id="sm-163">
         <name>DMA2DAL</name>
         <value>0x536</value>
      </symbol>
      <symbol id="sm-164">
         <name>DMA2SZ</name>
         <value>0x53a</value>
      </symbol>
      <symbol id="sm-165">
         <name>FRCTL0</name>
         <value>0x140</value>
      </symbol>
      <symbol id="sm-166">
         <name>FRCTL0_L</name>
         <value>0x140</value>
      </symbol>
      <symbol id="sm-167">
         <name>FRCTL0_H</name>
         <value>0x141</value>
      </symbol>
      <symbol id="sm-168">
         <name>GCCTL0</name>
         <value>0x144</value>
      </symbol>
      <symbol id="sm-169">
         <name>GCCTL0_L</name>
         <value>0x144</value>
      </symbol>
      <symbol id="sm-16a">
         <name>GCCTL0_H</name>
         <value>0x145</value>
      </symbol>
      <symbol id="sm-16b">
         <name>GCCTL1</name>
         <value>0x146</value>
      </symbol>
      <symbol id="sm-16c">
         <name>GCCTL1_L</name>
         <value>0x146</value>
      </symbol>
      <symbol id="sm-16d">
         <name>GCCTL1_H</name>
         <value>0x147</value>
      </symbol>
      <symbol id="sm-16e">
         <name>MPUCTL0</name>
         <value>0x5a0</value>
      </symbol>
      <symbol id="sm-16f">
         <name>MPUCTL0_L</name>
         <value>0x5a0</value>
      </symbol>
      <symbol id="sm-170">
         <name>MPUCTL0_H</name>
         <value>0x5a1</value>
      </symbol>
      <symbol id="sm-171">
         <name>MPUCTL1</name>
         <value>0x5a2</value>
      </symbol>
      <symbol id="sm-172">
         <name>MPUCTL1_L</name>
         <value>0x5a2</value>
      </symbol>
      <symbol id="sm-173">
         <name>MPUCTL1_H</name>
         <value>0x5a3</value>
      </symbol>
      <symbol id="sm-174">
         <name>MPUSEGB2</name>
         <value>0x5a4</value>
      </symbol>
      <symbol id="sm-175">
         <name>MPUSEGB2_L</name>
         <value>0x5a4</value>
      </symbol>
      <symbol id="sm-176">
         <name>MPUSEGB2_H</name>
         <value>0x5a5</value>
      </symbol>
      <symbol id="sm-177">
         <name>MPUSEGB1</name>
         <value>0x5a6</value>
      </symbol>
      <symbol id="sm-178">
         <name>MPUSEGB1_L</name>
         <value>0x5a6</value>
      </symbol>
      <symbol id="sm-179">
         <name>MPUSEGB1_H</name>
         <value>0x5a7</value>
      </symbol>
      <symbol id="sm-17a">
         <name>MPUSAM</name>
         <value>0x5a8</value>
      </symbol>
      <symbol id="sm-17b">
         <name>MPUSAM_L</name>
         <value>0x5a8</value>
      </symbol>
      <symbol id="sm-17c">
         <name>MPUSAM_H</name>
         <value>0x5a9</value>
      </symbol>
      <symbol id="sm-17d">
         <name>MPUIPC0</name>
         <value>0x5aa</value>
      </symbol>
      <symbol id="sm-17e">
         <name>MPUIPC0_L</name>
         <value>0x5aa</value>
      </symbol>
      <symbol id="sm-17f">
         <name>MPUIPC0_H</name>
         <value>0x5ab</value>
      </symbol>
      <symbol id="sm-180">
         <name>MPUIPSEGB2</name>
         <value>0x5ac</value>
      </symbol>
      <symbol id="sm-181">
         <name>MPUIPSEGB2_L</name>
         <value>0x5ac</value>
      </symbol>
      <symbol id="sm-182">
         <name>MPUIPSEGB2_H</name>
         <value>0x5ad</value>
      </symbol>
      <symbol id="sm-183">
         <name>MPUIPSEGB1</name>
         <value>0x5ae</value>
      </symbol>
      <symbol id="sm-184">
         <name>MPUIPSEGB1_L</name>
         <value>0x5ae</value>
      </symbol>
      <symbol id="sm-185">
         <name>MPUIPSEGB1_H</name>
         <value>0x5af</value>
      </symbol>
      <symbol id="sm-186">
         <name>MPY</name>
         <value>0x4c0</value>
      </symbol>
      <symbol id="sm-187">
         <name>MPY_L</name>
         <value>0x4c0</value>
      </symbol>
      <symbol id="sm-188">
         <name>MPY_H</name>
         <value>0x4c1</value>
      </symbol>
      <symbol id="sm-189">
         <name>MPYS</name>
         <value>0x4c2</value>
      </symbol>
      <symbol id="sm-18a">
         <name>MPYS_L</name>
         <value>0x4c2</value>
      </symbol>
      <symbol id="sm-18b">
         <name>MPYS_H</name>
         <value>0x4c3</value>
      </symbol>
      <symbol id="sm-18c">
         <name>MAC</name>
         <value>0x4c4</value>
      </symbol>
      <symbol id="sm-18d">
         <name>MAC_L</name>
         <value>0x4c4</value>
      </symbol>
      <symbol id="sm-18e">
         <name>MAC_H</name>
         <value>0x4c5</value>
      </symbol>
      <symbol id="sm-18f">
         <name>MACS</name>
         <value>0x4c6</value>
      </symbol>
      <symbol id="sm-190">
         <name>MACS_L</name>
         <value>0x4c6</value>
      </symbol>
      <symbol id="sm-191">
         <name>MACS_H</name>
         <value>0x4c7</value>
      </symbol>
      <symbol id="sm-192">
         <name>OP2</name>
         <value>0x4c8</value>
      </symbol>
      <symbol id="sm-193">
         <name>OP2_L</name>
         <value>0x4c8</value>
      </symbol>
      <symbol id="sm-194">
         <name>OP2_H</name>
         <value>0x4c9</value>
      </symbol>
      <symbol id="sm-195">
         <name>RESLO</name>
         <value>0x4ca</value>
      </symbol>
      <symbol id="sm-196">
         <name>RESLO_L</name>
         <value>0x4ca</value>
      </symbol>
      <symbol id="sm-197">
         <name>RESLO_H</name>
         <value>0x4cb</value>
      </symbol>
      <symbol id="sm-198">
         <name>RESHI</name>
         <value>0x4cc</value>
      </symbol>
      <symbol id="sm-199">
         <name>RESHI_L</name>
         <value>0x4cc</value>
      </symbol>
      <symbol id="sm-19a">
         <name>RESHI_H</name>
         <value>0x4cd</value>
      </symbol>
      <symbol id="sm-19b">
         <name>SUMEXT</name>
         <value>0x4ce</value>
      </symbol>
      <symbol id="sm-19c">
         <name>SUMEXT_L</name>
         <value>0x4ce</value>
      </symbol>
      <symbol id="sm-19d">
         <name>SUMEXT_H</name>
         <value>0x4cf</value>
      </symbol>
      <symbol id="sm-19e">
         <name>MPY32L</name>
         <value>0x4d0</value>
      </symbol>
      <symbol id="sm-19f">
         <name>MPY32L_L</name>
         <value>0x4d0</value>
      </symbol>
      <symbol id="sm-1a0">
         <name>MPY32L_H</name>
         <value>0x4d1</value>
      </symbol>
      <symbol id="sm-1a1">
         <name>MPY32H</name>
         <value>0x4d2</value>
      </symbol>
      <symbol id="sm-1a2">
         <name>MPY32H_L</name>
         <value>0x4d2</value>
      </symbol>
      <symbol id="sm-1a3">
         <name>MPY32H_H</name>
         <value>0x4d3</value>
      </symbol>
      <symbol id="sm-1a4">
         <name>MPYS32L</name>
         <value>0x4d4</value>
      </symbol>
      <symbol id="sm-1a5">
         <name>MPYS32L_L</name>
         <value>0x4d4</value>
      </symbol>
      <symbol id="sm-1a6">
         <name>MPYS32L_H</name>
         <value>0x4d5</value>
      </symbol>
      <symbol id="sm-1a7">
[...]
      </symbol>
      <symbol id="sm-280">
         <name>TA0CCR1</name>
         <value>0x354</value>
      </symbol>
      <symbol id="sm-281">
         <name>TA0CCR2</name>
         <value>0x356</value>
      </symbol>
      <symbol id="sm-282">
         <name>TA0IV</name>
         <value>0x36e</value>
      </symbol>
      <symbol id="sm-283">
         <name>TA0EX0</name>
         <value>0x360</value>
      </symbol>
      <symbol id="sm-284">
         <name>TA1CTL</name>
         <value>0x380</value>
      </symbol>
      <symbol id="sm-285">
         <name>TA1CCTL0</name>
         <value>0x382</value>
      </symbol>
      <symbol id="sm-286">
         <name>TA1CCTL1</name>
         <value>0x384</value>
      </symbol>
      <symbol id="sm-287">
         <name>TA1CCTL2</name>
         <value>0x386</value>
      </symbol>
      <symbol id="sm-288">
         <name>TA1R</name>
         <value>0x390</value>
      </symbol>
      <symbol id="sm-289">
         <name>TA1CCR0</name>
         <value>0x392</value>
      </symbol>
      <symbol id="sm-28a">
         <name>TA1CCR1</name>
         <value>0x394</value>
      </symbol>
      <symbol id="sm-28b">
         <name>TA1CCR2</name>
         <value>0x396</value>
      </symbol>
      <symbol id="sm-28c">
         <name>TA1IV</name>
         <value>0x3ae</value>
      </symbol>
      <symbol id="sm-28d">
         <name>TA1EX0</name>
         <value>0x3a0</value>
      </symbol>
      <symbol id="sm-28e">
         <name>TA2CTL</name>
         <value>0x400</value>
      </symbol>
      <symbol id="sm-28f">
         <name>TA2CCTL0</name>
         <value>0x402</value>
      </symbol>
      <symbol id="sm-290">
         <name>TA2CCTL1</name>
         <value>0x404</value>
      </symbol>
      <symbol id="sm-291">
         <name>TA2R</name>
         <value>0x410</value>
      </symbol>
      <symbol id="sm-292">
         <name>TA2CCR0</name>
         <value>0x412</value>
      </symbol>
      <symbol id="sm-293">
         <name>TA2CCR1</name>
         <value>0x414</value>
      </symbol>
      <symbol id="sm-294">
         <name>TA2IV</name>
         <value>0x42e</value>
      </symbol>
      <symbol id="sm-295">
         <name>TA2EX0</name>
         <value>0x420</value>
      </symbol>
      <symbol id="sm-296">
         <name>TA3CTL</name>
         <value>0x440</value>
      </symbol>
      <symbol id="sm-297">
         <name>TA3CCTL0</name>
         <value>0x442</value>
      </symbol>
      <symbol id="sm-298">
         <name>TA3CCTL1</name>
         <value>0x444</value>
      </symbol>
      <symbol id="sm-299">
         <name>TA3R</name>
         <value>0x450</value>
      </symbol>
      <symbol id="sm-29a">
         <name>TA3CCR0</name>
         <value>0x452</value>
      </symbol>
      <symbol id="sm-29b">
         <name>TA3CCR1</name>
         <value>0x454</value>
      </symbol>
      <symbol id="sm-29c">
         <name>TA3IV</name>
         <value>0x46e</value>
      </symbol>
      <symbol id="sm-29d">
         <name>TA3EX0</name>
         <value>0x460</value>
      </symbol>
      <symbol id="sm-29e">
         <name>TB0CTL</name>
         <value>0x3c0</value>
      </symbol>
      <symbol id="sm-29f">
         <name>TB0CCTL0</name>
         <value>0x3c2</value>
      </symbol>
      <symbol id="sm-2a0">
         <name>TB0CCTL1</name>
         <value>0x3c4</value>
      </symbol>
      <symbol id="sm-2a1">
         <name>TB0CCTL2</name>
         <value>0x3c6</value>
      </symbol>
      <symbol id="sm-2a2">
         <name>TB0CCTL3</name>
         <value>0x3c8</value>
      </symbol>
      <symbol id="sm-2a3">
         <name>TB0CCTL4</name>
         <value>0x3ca</value>
      </symbol>
      <symbol id="sm-2a4">
         <name>TB0CCTL5</name>
         <value>0x3cc</value>
      </symbol>
      <symbol id="sm-2a5">
         <name>TB0CCTL6</name>
         <value>0x3ce</value>
      </symbol>
      <symbol id="sm-2a6">
         <name>TB0R</name>
         <value>0x3d0</value>
      </symbol>
      <symbol id="sm-2a7">
         <name>TB0CCR0</name>
         <value>0x3d2</value>
      </symbol>
      <symbol id="sm-2a8">
         <name>TB0CCR1</name>
         <value>0x3d4</value>
      </symbol>
      <symbol id="sm-2a9">
         <name>TB0CCR2</name>
         <value>0x3d6</value>
      </symbol>
      <symbol id="sm-2aa">
         <name>TB0CCR3</name>
         <value>0x3d8</value>
      </symbol>
      <symbol id="sm-2ab">
         <name>TB0CCR4</name>
         <value>0x3da</value>
      </symbol>
      <symbol id="sm-2ac">
         <name>TB0CCR5</name>
         <value>0x3dc</value>
      </symbol>
      <symbol id="sm-2ad">
         <name>TB0CCR6</name>
         <value>0x3de</value>
      </symbol>
      <symbol id="sm-2ae">
         <name>TB0EX0</name>
         <value>0x3e0</value>
      </symbol>
      <symbol id="sm-2af">
         <name>TB0IV</name>
         <value>0x3ee</value>
      </symbol>
      <symbol id="sm-2b0">
         <name>UCA0CTLW0</name>
         <value>0x5c0</value>
      </symbol>
      <symbol id="sm-2b1">
         <name>UCA0CTLW0_L</name>
         <value>0x5c0</value>
      </symbol>
      <symbol id="sm-2b2">
         <name>UCA0CTLW0_H</name>
         <value>0x5c1</value>
      </symbol>
      <symbol id="sm-2b3">
         <name>UCA0CTLW1</name>
         <value>0x5c2</value>
      </symbol>
      <symbol id="sm-2b4">
         <name>UCA0CTLW1_L</name>
         <value>0x5c2</value>
      </symbol>
      <symbol id="sm-2b5">
         <name>UCA0CTLW1_H</name>
         <value>0x5c3</value>
      </symbol>
      <symbol id="sm-2b6">
         <name>UCA0BRW</name>
         <value>0x5c6</value>
      </symbol>
      <symbol id="sm-2b7">
         <name>UCA0BRW_L</name>
         <value>0x5c6</value>
      </symbol>
      <symbol id="sm-2b8">
         <name>UCA0BRW_H</name>
         <value>0x5c7</value>
      </symbol>
      <symbol id="sm-2b9">
         <name>UCA0MCTLW</name>
         <value>0x5c8</value>
      </symbol>
      <symbol id="sm-2ba">
         <name>UCA0MCTLW_L</name>
         <value>0x5c8</value>
      </symbol>
      <symbol id="sm-2bb">
         <name>UCA0MCTLW_H</name>
         <value>0x5c9</value>
      </symbol>
      <symbol id="sm-2bc">
         <name>UCA0STATW</name>
         <value>0x5ca</value>
      </symbol>
      <symbol id="sm-2bd">
         <name>UCA0RXBUF</name>
         <value>0x5cc</value>
      </symbol>
      <symbol id="sm-2be">
         <name>UCA0RXBUF_L</name>
         <value>0x5cc</value>
      </symbol>
      <symbol id="sm-2bf">
         <name>UCA0RXBUF_H</name>
         <value>0x5cd</value>
      </symbol>
      <symbol id="sm-2c0">
         <name>UCA0TXBUF</name>
         <value>0x5ce</value>
      </symbol>
      <symbol id="sm-2c1">
         <name>UCA0TXBUF_L</name>
         <value>0x5ce</value>
      </symbol>
      <symbol id="sm-2c2">
         <name>UCA0TXBUF_H</name>
         <value>0x5cf</value>
      </symbol>
      <symbol id="sm-2c3">
         <name>UCA0ABCTL</name>
         <value>0x5d0</value>
      </symbol>
      <symbol id="sm-2c4">
         <name>UCA0IRCTL</name>
         <value>0x5d2</value>
      </symbol>
      <symbol id="sm-2c5">
         <name>UCA0IRCTL_L</name>
         <value>0x5d2</value>
      </symbol>
      <symbol id="sm-2c6">
         <name>UCA0IRCTL_H</name>
         <value>0x5d3</value>
      </symbol>
      <symbol id="sm-2c7">
         <name>UCA0IE</name>
         <value>0x5da</value>
      </symbol>
      <symbol id="sm-2c8">
         <name>UCA0IE_L</name>
         <value>0x5da</value>
      </symbol>
      <symbol id="sm-2c9">
         <name>UCA0IE_H</name>
         <value>0x5db</value>
      </symbol>
      <symbol id="sm-2ca">
         <name>UCA0IFG</name>
         <value>0x5dc</value>
      </symbol>
      <symbol id="sm-2cb">
         <name>UCA0IFG_L</name>
         <value>0x5dc</value>
      </symbol>
      <symbol id="sm-2cc">
         <name>UCA0IFG_H</name>
         <value>0x5dd</value>
      </symbol>
      <symbol id="sm-2cd">
         <name>UCA0IV</name>
         <value>0x5de</value>
      </symbol>
      <symbol id="sm-2ce">
         <name>UCA1CTLW0</name>
         <value>0x5e0</value>
      </symbol>
      <symbol id="sm-2cf">
         <name>UCA1CTLW0_L</name>
         <value>0x5e0</value>
      </symbol>
      <symbol id="sm-2d0">
         <name>UCA1CTLW0_H</name>
         <value>0x5e1</value>
      </symbol>
      <symbol id="sm-2d1">
         <name>UCA1CTLW1</name>
         <value>0x5e2</value>
      </symbol>
      <symbol id="sm-2d2">
         <name>UCA1CTLW1_L</name>
         <value>0x5e2</value>
      </symbol>
      <symbol id="sm-2d3">
         <name>UCA1CTLW1_H</name>
         <value>0x5e3</value>
      </symbol>
      <symbol id="sm-2d4">
         <name>UCA1BRW</name>
         <value>0x5e6</value>
      </symbol>
      <symbol id="sm-2d5">
         <name>UCA1BRW_L</name>
         <value>0x5e6</value>
      </symbol>
      <symbol id="sm-2d6">
         <name>UCA1BRW_H</name>
         <value>0x5e7</value>
      </symbol>
      <symbol id="sm-2d7">
         <name>UCA1MCTLW</name>
         <value>0x5e8</value>
      </symbol>
      <symbol id="sm-2d8">
         <name>UCA1MCTLW_L</name>
         <value>0x5e8</value>
      </symbol>
      <symbol id="sm-2d9">
         <name>UCA1MCTLW_H</name>
         <value>0x5e9</value>
      </symbol>
      <symbol id="sm-2da">
         <name>UCA1STATW</name>
         <value>0x5ea</value>
      </symbol>
      <symbol id="sm-2db">
         <name>UCA1RXBUF</name>
         <value>0x5ec</value>
      </symbol>
      <symbol id="sm-2dc">
         <name>UCA1RXBUF_L</name>
         <value>0x5ec</value>
      </symbol>
      <symbol id="sm-2dd">
         <name>UCA1RXBUF_H</name>
         <value>0x5ed</value>
      </symbol>
      <symbol id="sm-2de">
         <name>UCA1TXBUF</name>
         <value>0x5ee</value>
      </symbol>
      <symbol id="sm-2df">
         <name>UCA1TXBUF_L</name>
         <value>0x5ee</value>
      </symbol>
      <symbol id="sm-2e0">
         <name>UCA1TXBUF_H</name>
         <value>0x5ef</value>
      </symbol>
      <symbol id="sm-2e1">
         <name>UCA1ABCTL</name>
         <value>0x5f0</value>
      </symbol>
      <symbol id="sm-2e2">
         <name>UCA1IRCTL</name>
         <value>0x5f2</value>
      </symbol>
      <symbol id="sm-2e3">
         <name>UCA1IRCTL_L</name>
         <value>0x5f2</value>
      </symbol>
      <symbol id="sm-2e4">
         <name>UCA1IRCTL_H</name>
         <value>0x5f3</value>
      </symbol>
      <symbol id="sm-2e5">
         <name>UCA1IE</name>
         <value>0x5fa</value>
      </symbol>
      <symbol id="sm-2e6">
         <name>UCA1IE_L</name>
         <value>0x5fa</value>
      </symbol>
      <symbol id="sm-2e7">
         <name>UCA1IE_H</name>
         <value>0x5fb</value>
      </symbol>
      <symbol id="sm-2e8">
         <name>UCA1IFG</name>
         <value>0x5fc</value>
      </symbol>
      <symbol id="sm-2e9">
         <name>UCA1IFG_L</name>
         <value>0x5fc</value>
      </symbol>
      <symbol id="sm-2ea">
         <name>UCA1IFG_H</name>
         <value>0x5fd</value>
      </symbol>
      <symbol id="sm-2eb">
         <name>UCA1IV</name>
         <value>0x5fe</value>
      </symbol>
      <symbol id="sm-2ec">
         <name>UCB0CTLW0</name>
         <value>0x640</value>
      </symbol>
      <symbol id="sm-2ed">
         <name>UCB0CTLW0_L</name>
         <value>0x640</value>
      </symbol>
      <symbol id="sm-2ee">
         <name>UCB0CTLW0_H</name>
         <value>0x641</value>
      </symbol>
      <symbol id="sm-2ef">
         <name>UCB0CTLW1</name>
         <value>0x642</value>
      </symbol>
      <symbol id="sm-2f0">
         <name>UCB0CTLW1_L</name>
         <value>0x642</value>
      </symbol>
      <symbol id="sm-2f1">
         <name>UCB0CTLW1_H</name>
         <value>0x643</value>
      </symbol>
      <symbol id="sm-2f2">
         <name>UCB0BRW</name>
         <value>0x646</value>
      </symbol>
      <symbol id="sm-2f3">
         <name>UCB0BRW_L</name>
         <value>0x646</value>
      </symbol>
      <symbol id="sm-2f4">
         <name>UCB0BRW_H</name>
         <value>0x647</value>
      </symbol>
      <symbol id="sm-2f5">
         <name>UCB0STATW</name>
         <value>0x648</value>
      </symbol>
      <symbol id="sm-2f6">
         <name>UCB0STATW_L</name>
         <value>0x648</value>
      </symbol>
      <symbol id="sm-2f7">
         <name>UCB0STATW_H</name>
         <value>0x649</value>
      </symbol>
      <symbol id="sm-2f8">
         <name>UCB0TBCNT</name>
         <value>0x64a</value>
      </symbol>
      <symbol id="sm-2f9">
         <name>UCB0TBCNT_L</name>
         <value>0x64a</value>
      </symbol>
      <symbol id="sm-2fa">
         <name>UCB0TBCNT_H</name>
         <value>0x64b</value>
      </symbol>
      <symbol id="sm-2fb">
         <name>UCB0RXBUF</name>
         <value>0x64c</value>
      </symbol>
      <symbol id="sm-2fc">
         <name>UCB0RXBUF_L</name>
         <value>0x64c</value>
      </symbol>
      <symbol id="sm-2fd">
         <name>UCB0RXBUF_H</name>
         <value>0x64d</value>
      </symbol>
      <symbol id="sm-2fe">
         <name>UCB0TXBUF</name>
         <value>0x64e</value>
      </symbol>
      <symbol id="sm-2ff">
         <name>UCB0TXBUF_L</name>
         <value>0x64e</value>
      </symbol>
      <symbol id="sm-300">
         <name>UCB0TXBUF_H</name>
         <value>0x64f</value>
      </symbol>
      <symbol id="sm-301">
         <name>UCB0I2COA0</name>
         <value>0x654</value>
      </symbol>
      <symbol id="sm-302">
         <name>UCB0I2COA0_L</name>
         <value>0x654</value>
      </symbol>
      <symbol id="sm-303">
         <name>UCB0I2COA0_H</name>
         <value>0x655</value>
      </symbol>
      <symbol id="sm-304">
         <name>UCB0I2COA1</name>
         <value>0x656</value>
      </symbol>
      <symbol id="sm-305">
         <name>UCB0I2COA1_L</name>
         <value>0x656</value>
      </symbol>
      <symbol id="sm-306">
         <name>UCB0I2COA1_H</name>
         <value>0x657</value>
      </symbol>
      <symbol id="sm-307">
         <name>UCB0I2COA2</name>
         <value>0x658</value>
      </symbol>
      <symbol id="sm-308">
         <name>UCB0I2COA2_L</name>
         <value>0x658</value>
      </symbol>
      <symbol id="sm-309">
         <name>UCB0I2COA2_H</name>
         <value>0x659</value>
      </symbol>
      <symbol id="sm-30a">
         <name>UCB0I2COA3</name>
         <value>0x65a</value>
      </symbol>
      <symbol id="sm-30b">
         <name>UCB0I2COA3_L</name>
         <value>0x65a</value>
      </symbol>
      <symbol id="sm-30c">
         <name>UCB0I2COA3_H</name>
         <value>0x65b</value>
      </symbol>
      <symbol id="sm-30d">
         <name>UCB0ADDRX</name>
         <value>0x65c</value>
      </symbol>
      <symbol id="sm-30e">
         <name>UCB0ADDRX_L</name>
         <value>0x65c</value>
      </symbol>
      <symbol id="sm-30f">
         <name>UCB0ADDRX_H</name>
         <value>0x65d</value>
      </symbol>
      <symbol id="sm-310">
         <name>UCB0ADDMASK</name>
         <value>0x65e</value>
      </symbol>
      <symbol id="sm-311">
         <name>UCB0ADDMASK_L</name>
         <value>0x65e</value>
      </symbol>
      <symbol id="sm-312">
         <name>UCB0ADDMASK_H</name>
         <value>0x65f</value>
      </symbol>
      <symbol id="sm-313">
         <name>UCB0I2CSA</name>
         <value>0x660</value>
      </symbol>
      <symbol id="sm-314">
         <name>UCB0I2CSA_L</name>
         <value>0x660</value>
      </symbol>
      <symbol id="sm-315">
         <name>UCB0I2CSA_H</name>
         <value>0x661</value>
      </symbol>
      <symbol id="sm-316">
         <name>UCB0IE</name>
         <value>0x66a</value>
      </symbol>
      <symbol id="sm-317">
         <name>UCB0IE_L</name>
         <value>0x66a</value>
      </symbol>
      <symbol id="sm-318">
         <name>UCB0IE_H</name>
         <value>0x66b</value>
      </symbol>
      <symbol id="sm-319">
         <name>UCB0IFG</name>
         <value>0x66c</value>
      </symbol>
      <symbol id="sm-31a">
         <name>UCB0IFG_L</name>
         <value>0x66c</value>
      </symbol>
      <symbol id="sm-31b">
         <name>UCB0IFG_H</name>
         <value>0x66d</value>
      </symbol>
      <symbol id="sm-31c">
         <name>UCB0IV</name>
         <value>0x66e</value>
      </symbol>
      <symbol id="sm-31d">
         <name>WDTCTL</name>
         <value>0x15c</value>
      </symbol>
      <symbol id="sm-31e">
         <name>WDTCTL_L</name>
         <value>0x15c</value>
      </symbol>
      <symbol id="sm-31f">
         <name>WDTCTL_H</name>
         <value>0x15d</value>
      </symbol>
      <symbol id="sm-320">
         <name>fram_rw_start</name>
         <value>0x4400</value>
      </symbol>
      <symbol id="sm-321">
         <name>fram_ro_start</name>
         <value>0x4400</value>
      </symbol>
      <symbol id="sm-322">
         <name>fram_rx_start</name>
         <value>0x4400</value>
      </symbol>
      <symbol id="sm-323">
         <name>binit</name>
         <value>0xffffffff</value>
      </symbol>
      <symbol id="sm-324">
         <name>__binit__</name>
         <value>0xffffffff</value>
      </symbol>
      <symbol id="sm-325">
         <name>__STACK_SIZE</name>
         <value>0xa0</value>
      </symbol>
      <symbol id="sm-326">
         <name>__STACK_END</name>
         <value>0x2400</value>
      </symbol>
      <symbol id="sm-327">
         <name>__c_args__</name>
         <value>0xffffffff</value>
      </symbol>
      <symbol id="sm-351">
         <name>main</name>
         <value>0x4488</value>
         <object_component_ref idref="oc-3f"/>
      </symbol>
      <symbol id="sm-364">
         <name>_c_int00_noexit</name>
         <value>0x446e</value>
         <object_component_ref idref="oc-17"/>
      </symbol>
      <symbol id="sm-365">
         <name>_c_int00</name>
         <value>0x446e</value>
         <object_component_ref idref="oc-17"/>
      </symbol>
      <symbol id="sm-366">
         <name>_stack</name>
         <value>0x2360</value>
         <object_component_ref idref="oc-2f"/>
      </symbol>
      <symbol id="sm-367">
         <name>_reset_vector</name>
         <value>0xfefe</value>
         <object_component_ref idref="oc-32"/>
      </symbol>
      <symbol id="sm-36a">
         <name>__TI_args_main</name>
         <value>0x1</value>
      </symbol>
      <symbol id="sm-381">
         <name>__TI_CINIT_Base</name>
         <value>0x0</value>
      </symbol>
      <symbol id="sm-382">
         <name>__TI_INITARRAY_Base</name>
         <value>0x0</value>
      </symbol>
      <symbol id="sm-383">
         <name>__TI_Handler_Table_Limit</name>
         <value>0x0</value>
      </symbol>
      <symbol id="sm-384">
         <name>__TI_INITARRAY_Limit</name>
         <value>0x0</value>
      </symbol>
      <symbol id="sm-385">
         <name>__TI_Handler_Table_Base</name>
         <value>0x0</value>
      </symbol>
      <symbol id="sm-386">
         <name>__TI_CINIT_Limit</name>
         <value>0x0</value>
      </symbol>
      <symbol id="sm-387">
         <name>_auto_init_hold_wdt</name>
         <value>0x4400</value>
         <object_component_ref idref="oc-39"/>
      </symbol>
      <symbol id="sm-390">
         <name>_system_pre_init</name>
         <value>0x4498</value>
         <object_component_ref idref="oc-33"/>
      </symbol>
      <symbol id="sm-39a">
         <name>C$$EXIT</name>
         <value>0x449c</value>
         <object_component_ref idref="oc-45"/>
      </symbol>
      <symbol id="sm-39b">
         <name>abort</name>
         <value>0x449c</value>
         <object_component_ref idref="oc-45"/>
      </symbol>
      <symbol id="sm-39c">
         <name>__TI_exit</name>
         <value>0x1</value>
      </symbol>
   </symbol_table>
   <title>Link successful</title>
</link_info>
